Microchip MPLAB XC8 Compiler V1.33 ()

Linker command line:

-W-3 --edf=C:\Program Files\Microchip\xc8\v1.33\dat\en_msgs.txt -cs \
  -h+dist/default/production\tesis.X.production.sym \
  --cmf=dist/default/production\tesis.X.production.cmf -z -Q18F4550 \
  -oC:\Users\MCC\AppData\Local\Temp\s3tc.6 \
  -Mdist/default/production/tesis.X.production.map -E1 -ver=XC8 \
  -ASTACK=0172h-07ffh -pstack=STACK -ACODE=00h-07FFFh -ACONST=00h-07FFFh \
  -ASMALLCONST=0800h-08FFhx120 -AMEDIUMCONST=0800h-07FFFh -ACOMRAM=01h-05Fh \
  -AABS1=00h-07FFh -ABIGRAM=01h-07FFh -ARAM=060h-0FFh,0100h-01FFhx7 \
  -ABANK0=060h-0FFh -ABANK1=0100h-01FFh -ABANK2=0200h-02FFh \
  -ABANK3=0300h-03FFh -ABANK4=0400h-04FFh -ABANK5=0500h-05FFh \
  -ABANK6=0600h-06FFh -ABANK7=0700h-07FFh -ASFR=0F60h-0FFFh \
  -preset_vec=00h,intcode=08h,intcodelo,powerup,init,end_init \
  -pramtop=0800h -psmallconst=SMALLCONST -pmediumconst=MEDIUMCONST \
  -pconst=CONST -AFARRAM=00h-00h -ACONFIG=0300000h-030000Dh -pconfig=CONFIG \
  -AIDLOC=0200000h-0200007h -pidloc=IDLOC -AEEDATA=0F00000h-0F000FFh \
  -peeprom_data=EEDATA \
  -prdata=COMRAM,nvrram=COMRAM,nvbit=COMRAM,rbss=COMRAM,rbit=COMRAM \
  -pfarbss=FARRAM,fardata=FARRAM,nvFARRAM=FARRAM \
  -pintsave_regs=BIGRAM,bigbss=BIGRAM,bigdata=BIGRAM -pbss=RAM \
  -pidata=CODE,irdata=CODE,ibigdata=CODE,ifardata=CODE \
  C:\Users\MCC\AppData\Local\Temp\s3tc.obj \
  dist/default/production\tesis.X.production.obj 

Object code version is 3.11

Machine type is 18F4550

Call graph: (short form)




                Name                               Link     Load   Length Selector   Space Scale
C:\Users\MCC\AppData\Local\Temp\s3tc.obj
                end_init                             18       18        4        4       0
                reset_vec                             0        0        4        0       0
                idloc                            200000   200000        8   200000       0
                config                           300000   300000        E   300000       0
dist/default/production\tesis.X.production.obj
                intcode                               8        8       10        4       0
                mediumconst                        7ECC     7ECC      134     3F66       0
                text58                             2914     2914       1E        4       0
                text57                             27FC     27FC       2C        4       0
                text56                             28B8     28B8       20        4       0
                text55                             29AC     29AC        E        4       0
                text54                             24F0     24F0       50        4       0
                text53                             2766     2766       38        4       0
                text52                             2220     2220       7A        4       0
                intcode_body                       18F8     18F8       F4        4       0
                text50                             27D0     27D0       2C        4       0
                text49                             2898     2898       20        4       0
                text48                             299E     299E        E        4       0
                text47                             24A0     24A0       50        4       0
                text46                             272E     272E       38        4       0
                text45                             21A6     21A6       7A        4       0
                text44                             1F16     1F16       90        4       0
                text43                             284E     284E       26        4       0
                text42                             1B68     1B68       A8        4       0
                text41                             105E     105E      280        4       0
                text40                             25D2     25D2       3C        4       0
                text39                             1436     1436      14A        4       0
                text38                             202C     202C       82        4       0
                text37                             23DE     23DE       66        4       0
                text36                             2444     2444       5C        4       0
                text35                             16C2     16C2      136        4       0
                text34                             17F8     17F8      100        4       0
                text33                             1CB6     1CB6       A4        4       0
                text32                             1E86     1E86       90        4       0
                text31                             12DE     12DE      158        4       0
                text30                             2828     2828       26        4       0
                text29                              DB8      DB8      2A6        4       0
                text28                              940      940      478        4       0
                text27                               1C       1C      924        4       0
                text26                             26BC     26BC       3A        4       0
                text25                             2682     2682       3A        4       0
                text24                             2874     2874       24        4       0
                text23                             212A     212A       7C        4       0
                text22                             2648     2648       3A        4       0
                text21                             20AE     20AE       7C        4       0
                text20                             296E     296E       12        4       0
                text19                             28F6     28F6       1E        4       0
                text18                             260E     260E       3A        4       0
                text17                             28D8     28D8       1E        4       0
                text16                             26F6     26F6       38        4       0
                text15                             1AB0     1AB0       B8        4       0
                text14                             2376     2376       68        4       0
                text13                             2980     2980       10        4       0
                text12                             295C     295C       12        4       0
                text11                             1FA6     1FA6       86        4       0
                text10                             230C     230C       6A        4       0
                text9                              1580     1580      142        4       0
                text8                              279E     279E       32        4       0
                text7                              258A     258A       48        4       0
                text6                              2990     2990        E        4       0
                text5                              1DF2     1DF2       94        4       0
                text4                              2932     2932       16        4       0
                text3                              1C10     1C10       A6        4       0
                text2                              19EC     19EC       C4        4       0
                text1                              229A     229A       72        4       0
                text0                              1D5A     1D5A       98        4       0
                cstackCOMRAM                          1        1       2F        1       1
                cstackBANK0                          60       60       6E       60       1
                cstackBANK1                         15A      15A       18      100       1
                bssBANK1                            100      100       5A      100       1
                dataBANK0                            EC       EC       14       60       1
                bssBANK0                             CE       CE       1E       60       1
                bssCOMRAM                            30       30       18        1       1
                cinit                              2540     2540       4A        4       0
                idataBANK0                         2948     2948       14        4       0

TOTAL           Name                               Link     Load   Length     Space
        CLASS   STACK          

        CLASS   CODE           
                end_init                             18       18        4         0
                intcode                               8        8       10         0
                reset_vec                             0        0        4         0
                text58                             2914     2914       1E         0
                text57                             27FC     27FC       2C         0
                text56                             28B8     28B8       20         0
                text55                             29AC     29AC        E         0
                text54                             24F0     24F0       50         0
                text53                             2766     2766       38         0
                text52                             2220     2220       7A         0
                intcode_body                       18F8     18F8       F4         0
                text50                             27D0     27D0       2C         0
                text49                             2898     2898       20         0
                text48                             299E     299E        E         0
                text47                             24A0     24A0       50         0
                text46                             272E     272E       38         0
                text45                             21A6     21A6       7A         0
                text44                             1F16     1F16       90         0
                text43                             284E     284E       26         0
                text42                             1B68     1B68       A8         0
                text41                             105E     105E      280         0
                text40                             25D2     25D2       3C         0
                text39                             1436     1436      14A         0
                text38                             202C     202C       82         0
                text37                             23DE     23DE       66         0
                text36                             2444     2444       5C         0
                text35                             16C2     16C2      136         0
                text34                             17F8     17F8      100         0
                text33                             1CB6     1CB6       A4         0
                text32                             1E86     1E86       90         0
                text31                             12DE     12DE      158         0
                text30                             2828     2828       26         0
                text29                              DB8      DB8      2A6         0
                text28                              940      940      478         0
                text27                               1C       1C      924         0
                text26                             26BC     26BC       3A         0
                text25                             2682     2682       3A         0
                text24                             2874     2874       24         0
                text23                             212A     212A       7C         0
                text22                             2648     2648       3A         0
                text21                             20AE     20AE       7C         0
                text20                             296E     296E       12         0
                text19                             28F6     28F6       1E         0
                text18                             260E     260E       3A         0
                text17                             28D8     28D8       1E         0
                text16                             26F6     26F6       38         0
                text15                             1AB0     1AB0       B8         0
                text14                             2376     2376       68         0
                text13                             2980     2980       10         0
                text12                             295C     295C       12         0
                text11                             1FA6     1FA6       86         0
                text10                             230C     230C       6A         0
                text9                              1580     1580      142         0
                text8                              279E     279E       32         0
                text7                              258A     258A       48         0
                text6                              2990     2990        E         0
                text5                              1DF2     1DF2       94         0
                text4                              2932     2932       16         0
                text3                              1C10     1C10       A6         0
                text2                              19EC     19EC       C4         0
                text1                              229A     229A       72         0
                text0                              1D5A     1D5A       98         0
                cinit                              2540     2540       4A         0
                idataBANK0                         2948     2948       14         0

        CLASS   CONST          

        CLASS   SMALLCONST     

        CLASS   MEDIUMCONST    
                mediumconst                        7ECC     7ECC      134         0

        CLASS   COMRAM         
                cstackCOMRAM                          1        1       2F         1
                bssCOMRAM                            30       30       18         1

        CLASS   ABS1           

        CLASS   BIGRAM         

        CLASS   RAM            

        CLASS   BANK0          
                cstackBANK0                          60       60       6E         1
                dataBANK0                            EC       EC       14         1
                bssBANK0                             CE       CE       1E         1

        CLASS   BANK1          
                cstackBANK1                         15A      15A       18         1
                bssBANK1                            100      100       5A         1

        CLASS   BANK2          

        CLASS   BANK3          

        CLASS   BANK4          

        CLASS   BANK5          

        CLASS   BANK6          

        CLASS   BANK7          

        CLASS   SFR            

        CLASS   FARRAM         

        CLASS   CONFIG         
                config                           300000   300000        E         0

        CLASS   IDLOC          
                idloc                            200000   200000        8         0

        CLASS   EEDATA         



SEGMENTS        Name                           Load    Length   Top    Selector   Space  Class

                reset_vec                      000000  000004  000004         0       0  CODE    
                cstackCOMRAM                   000001  000047  000048         1       1  COMRAM  
                intcode                        000008  0029B2  0029BA         4       0  CODE    
                cstackBANK0                    000060  0000A0  000100        60       1  BANK0   
                bssBANK1                       000100  000072  000172       100       1  BANK1   
                mediumconst                    007ECC  000134  008000      3F66       0  MEDIUMCO
                idloc                          200000  000008  200008    200000       0  IDLOC   
                config                         300000  00000E  30000E    300000       0  CONFIG  


UNUSED ADDRESS RANGES

        Name                Unused          Largest block    Delta
        BANK1            000172-0001FF               8E
        BANK2            000200-0002FF              100
        BANK3            000300-0003FF              100
        BANK4            000400-0004FF              100
        BANK5            000500-0005FF              100
        BANK6            000600-0006FF              100
        BANK7            000700-0007FF              100
        BIGRAM           000048-00005F               18
                         000172-0007FF              68E
        CODE             000004-000007                4
                         0029BA-007ECB             5512
        COMRAM           000048-00005F               18
        CONST            000004-000007                4
                         0029BA-007ECB             5512
        EEDATA           F00000-F000FF              100
        MEDIUMCONST      0029BA-007ECB             5512
        RAM              000172-0007FF              100
        SFR              000F60-000FFF               A0
        SMALLCONST       0029BA-007ECB              100
        STACK            000172-0007FF              68E

                                  Symbol Table

?___awdiv                      cstackCOMRAM 00001F
?___awmod                      cstackCOMRAM 000019
?___ftadd                      cstackBANK0  000076
?___ftmul                      cstackBANK0  000060
?___ftneg                      cstackCOMRAM 000019
?___ftpack                     cstackCOMRAM 000019
?___ftsub                      cstackBANK0  000082
?___fttol                      cstackBANK0  000073
?___lbtoft                     cstackCOMRAM 000021
?___lldiv                      cstackCOMRAM 000019
?___llmod                      cstackCOMRAM 000026
?___lltoft                     cstackCOMRAM 000021
?___wmul                       cstackCOMRAM 000027
?__div_to_l_                   cstackCOMRAM 000019
?__tdiv_to_l_                  cstackCOMRAM 000019
?_fround                       cstackBANK0  00006C
?_getCNY70Value                cstackCOMRAM 000019
?_scale                        cstackBANK0  00006C
?_sprintf                      cstackBANK0  000088
BT_Init@F5669                  dataBANK0    0000EC
BT_Init@nameBT                 cstackBANK0  000060
Comando_Tablet@sensed          cstackBANK1  000170
Inicializa_Driveby@i           cstackCOMRAM 000028
Lcd_Cmd@a                      cstackCOMRAM 00001B
Lcd_Port@a                     cstackCOMRAM 000019
Lcd_Set_Cursor@a               cstackCOMRAM 00001D
Lcd_Set_Cursor@b               cstackCOMRAM 00001C
Lcd_Set_Cursor@temp            cstackCOMRAM 000020
Lcd_Set_Cursor@y               cstackCOMRAM 00001F
Lcd_Set_Cursor@z               cstackCOMRAM 00001E
Lcd_Write_Char@a               cstackCOMRAM 00001C
Lcd_Write_Char@temp            cstackCOMRAM 00001A
Lcd_Write_Char@y               cstackCOMRAM 00001B
Lcd_Write_Integer@a            cstackBANK0  0000B8
Lcd_Write_Integer@s            cstackBANK0  0000BA
Lcd_Write_String@a             cstackCOMRAM 00001D
Lcd_Write_String@i             cstackCOMRAM 000021
OpenPWM1@period                cstackCOMRAM 000019
OpenPWM2@ccp2mx                cstackCOMRAM 00001B
OpenPWM2@period                cstackCOMRAM 00001A
OpenUSART@config               cstackCOMRAM 00001E
OpenUSART@spbrg                cstackCOMRAM 000019
PWM_DutyCycle1@DC              cstackBANK0  000089
PWM_DutyCycle1@DutyCycle       cstackBANK0  000086
PWM_DutyCycle1@percentageDuty  cstackBANK0  000088
PWM_DutyCycle2@DC              cstackBANK0  000089
PWM_DutyCycle2@DutyCycle       cstackBANK0  000086
PWM_DutyCycle2@percentageDuty  cstackBANK0  000088
PWM_init1@period               cstackCOMRAM 00001A
PWM_init2@period               cstackCOMRAM 00001C
Pause_ms@i                     cstackCOMRAM 00001C
Pause_ms@x                     cstackCOMRAM 000019
Pause_seg@i                    cstackCOMRAM 00001F
Pause_seg@x                    cstackCOMRAM 00001E
ReadUSART@data                 cstackCOMRAM 000001
SendBlueToothCommand@command   cstackCOMRAM 000023
SendBlueToothCommand@total     cstackCOMRAM 000025
SetDCPWM1@DCycle               cstackCOMRAM 00001D
SetDCPWM1@dutycycle            cstackCOMRAM 000019
SetDCPWM2@DCycle               cstackCOMRAM 00001D
SetDCPWM2@dutycycle            cstackCOMRAM 000019
UART1_Init@bdr                 cstackCOMRAM 00001F
WriteUSART@data                cstackCOMRAM 000019
_ADCON1bits                    (abs)        000FC1
_BT_Init                       text3        001C10
_BluetoothDato                 bssBANK1     000128
_CCP1CON                       (abs)        000FBD
_CCP2CON                       (abs)        000FBA
_CCPR1L                        (abs)        000FBE
_CCPR2L                        (abs)        000FBB
_CheckSum                      bssCOMRAM    000030
_ComanBFlag                    bssCOMRAM    000031
_ComanTFlag                    bssCOMRAM    000032
_Comando                       bssCOMRAM    000033
_ComandoTablet                 bssCOMRAM    000034
_Comando_Tablet                text9        001580
_DutyCycle                     bssBANK0     0000CE
_EntTrama                      bssCOMRAM    000035
_FinComandB                    bssCOMRAM    000036
_FinComandT                    bssCOMRAM    000037
_INTCON                        (abs)        000FF2
_Inicializa_Driveby            text2        0019EC
_InicioComando                 bssCOMRAM    000038
_Lcd_Clear                     text48       00299E
_Lcd_Cmd                       text49       002898
_Lcd_Init                      text1        00229A
_Lcd_Port                      text50       0027D0
_Lcd_Set_Cursor                text47       0024A0
_Lcd_Write_Char                text46       00272E
_Lcd_Write_Integer             text26       0026BC
_Lcd_Write_String              text45       0021A6
_Med_lsb                       bssBANK0     0000D0
_Med_msb                       bssBANK0     0000D2
_OSCCONbits                    (abs)        000FD3
_OpenPWM1                      text20       00296E
_OpenPWM2                      text18       00260E
_OpenUSART                     text14       002376
_PIE1                          (abs)        000F9D
_PIE1bits                      (abs)        000F9D
_PIR1bits                      (abs)        000F9E
_PORTA                         (abs)        000F80
_PORTAbits                     (abs)        000F80
_PORTB                         (abs)        000F81
_PORTBbits                     (abs)        000F81
_PORTDbits                     (abs)        000F83
_PORTE                         (abs)        000F84
_PORTEbits                     (abs)        000F84
_PR2                           (abs)        000FCB
_PWM_DutyCycle1                text23       00212A
_PWM_DutyCycle2                text21       0020AE
_PWM_init1                     text19       0028F6
_PWM_init2                     text17       0028D8
_Pause_ms                      text8        00279E
_Pause_seg                     text7        00258A
_RCREG                         (abs)        000FAE
_RCSTA                         (abs)        000FAB
_RCSTAbits                     (abs)        000FAB
_RXComandoTB                   bssCOMRAM    000039
_ReadUSART                     text58       002914
_SBUSART                       bssCOMRAM    00003A
_SPBRG                         (abs)        000FAF
_SPBRGH                        (abs)        000FB0
_SendBlueToothCommand          text4        002932
_SetDCPWM1                     text25       002682
_SetDCPWM2                     text22       002648
_T2CON                         (abs)        000FCA
_T2CONbits                     (abs)        000FCA
_TMR2                          (abs)        000FCC
_TMRO_USART                    intcode      000008
_TRISA                         (abs)        000F92
_TRISB                         (abs)        000F93
_TRISBbits                     (abs)        000F93
_TRISC                         (abs)        000F94
_TRISCbits                     (abs)        000F94
_TRISD                         (abs)        000F95
_TRISE                         (abs)        000F96
_TXREG                         (abs)        000FAD
_TXSTA                         (abs)        000FAC
_TXSTAbits                     (abs)        000FAC
_TamanhoTrama                  bssBANK0     0000D4
_Timer1                        bssCOMRAM    00003B
_Timer2Config                  bssCOMRAM    000047
_TramaTablet                   bssBANK1     000100
_UART1_Init                    text13       002980
_USART_Status                  bssCOMRAM    00003C
_WriteUSART                    text12       00295C
__CFG_BOR$OFF                  (abs)        000000
__CFG_BORV$3                   (abs)        000000
__CFG_CCP2MX$ON                (abs)        000000
__CFG_CP0$OFF                  (abs)        000000
__CFG_CP1$OFF                  (abs)        000000
__CFG_CP2$OFF                  (abs)        000000
__CFG_CP3$OFF                  (abs)        000000
__CFG_CPB$OFF                  (abs)        000000
__CFG_CPD$OFF                  (abs)        000000
__CFG_CPUDIV$OSC1_PLL2         (abs)        000000
__CFG_DEBUG$OFF                (abs)        000000
__CFG_EBTR0$OFF                (abs)        000000
__CFG_EBTR1$OFF                (abs)        000000
__CFG_EBTR2$OFF                (abs)        000000
__CFG_EBTR3$OFF                (abs)        000000
__CFG_EBTRB$OFF                (abs)        000000
__CFG_FCMEN$OFF                (abs)        000000
__CFG_FOSC$INTOSCIO_EC         (abs)        000000
__CFG_ICPRT$OFF                (abs)        000000
__CFG_IESO$OFF                 (abs)        000000
__CFG_LPT1OSC$OFF              (abs)        000000
__CFG_LVP$OFF                  (abs)        000000
__CFG_MCLRE$ON                 (abs)        000000
__CFG_PBADEN$OFF               (abs)        000000
__CFG_PLLDIV$1                 (abs)        000000
__CFG_PWRT$OFF                 (abs)        000000
__CFG_STVREN$ON                (abs)        000000
__CFG_USBDIV$2                 (abs)        000000
__CFG_VREGEN$OFF               (abs)        000000
__CFG_WDT$OFF                  (abs)        000000
__CFG_WDTPS$32768              (abs)        000000
__CFG_WRT0$OFF                 (abs)        000000
__CFG_WRT1$OFF                 (abs)        000000
__CFG_WRT2$OFF                 (abs)        000000
__CFG_WRT3$OFF                 (abs)        000000
__CFG_WRTB$OFF                 (abs)        000000
__CFG_WRTC$OFF                 (abs)        000000
__CFG_WRTD$OFF                 (abs)        000000
__CFG_XINST$OFF                (abs)        000000
__HRAM                         (abs)        000000
__Habs1                        abs1         000000
__Hbank0                       bank0        000000
__Hbank1                       bank1        000000
__Hbank2                       bank2        000000
__Hbank3                       bank3        000000
__Hbank4                       bank4        000000
__Hbank5                       bank5        000000
__Hbank6                       bank6        000000
__Hbank7                       bank7        000000
__Hbigbss                      bigbss       000000
__Hbigdata                     bigdata      000000
__Hbigram                      bigram       000000
__Hbss                         bss          000000
__HbssBANK0                    bssBANK0     000000
__HbssBANK1                    bssBANK1     000000
__HbssCOMRAM                   bssCOMRAM    000000
__Hcinit                       cinit        000000
__Hclrtext                     clrtext      000000
__Hcomram                      comram       000000
__Hconfig                      config       30000E
__Hconst                       const        000000
__HcstackBANK0                 cstackBANK0  000000
__HcstackBANK1                 cstackBANK1  000000
__HcstackCOMRAM                cstackCOMRAM 000000
__Hdata                        data         000000
__HdataBANK0                   dataBANK0    000000
__Heeprom_data                 eeprom_data  000000
__Hend_init                    end_init     00001C
__Hfarbss                      farbss       000000
__Hfardata                     fardata      000000
__Hibigdata                    ibigdata     000000
__Hidata                       idata        000000
__HidataBANK0                  idataBANK0   000000
__Hidloc                       idloc        200008
__Hifardata                    ifardata     000000
__Hinit                        init         000018
__Hintcode                     intcode      000018
__Hintcode_body                intcode_body 000000
__Hintcodelo                   intcodelo    000018
__Hintentry                    intentry     000000
__Hintret                      intret       000000
__Hintsave_regs                intsave_regs 000000
__Hirdata                      irdata       000000
__Hmediumconst                 mediumconst  008000
__HnvFARRAM                    nvFARRAM     000000
__Hnvbit                       nvbit        000000
__Hnvrram                      nvrram       000000
__Hparam                       rparam       000000
__Hpowerup                     powerup      000018
__Hram                         ram          000000
__Hramtop                      ramtop       000800
__Hrbit                        rbit         000000
__Hrbss                        rbss         000000
__Hrdata                       rdata        000000
__Hreset_vec                   reset_vec    000004
__Hrparam                      rparam       000000
__Hsfr                         sfr          000000
__Hsmallconst                  smallconst   000000
__Hspace_0                     (abs)        30000E
__Hspace_1                     (abs)        000172
__Hspace_2                     (abs)        000000
__Hstack                       stack        000000
__Hstruct                      struct       000000
__Htemp                        temp         000000
__Htext                        text         000000
__Htext0                       text0        000000
__Htext1                       text1        000000
__Htext10                      text10       000000
__Htext11                      text11       000000
__Htext12                      text12       000000
__Htext13                      text13       000000
__Htext14                      text14       000000
__Htext15                      text15       000000
__Htext16                      text16       000000
__Htext17                      text17       000000
__Htext18                      text18       000000
__Htext19                      text19       000000
__Htext2                       text2        000000
__Htext20                      text20       000000
__Htext21                      text21       000000
__Htext22                      text22       000000
__Htext23                      text23       000000
__Htext24                      text24       000000
__Htext25                      text25       000000
__Htext26                      text26       000000
__Htext27                      text27       000000
__Htext28                      text28       000000
__Htext29                      text29       000000
__Htext3                       text3        000000
__Htext30                      text30       000000
__Htext31                      text31       000000
__Htext32                      text32       000000
__Htext33                      text33       000000
__Htext34                      text34       000000
__Htext35                      text35       000000
__Htext36                      text36       000000
__Htext37                      text37       000000
__Htext38                      text38       000000
__Htext39                      text39       000000
__Htext4                       text4        000000
__Htext40                      text40       000000
__Htext41                      text41       000000
__Htext42                      text42       000000
__Htext43                      text43       000000
__Htext44                      text44       000000
__Htext45                      text45       000000
__Htext46                      text46       000000
__Htext47                      text47       000000
__Htext48                      text48       000000
__Htext49                      text49       000000
__Htext5                       text5        000000
__Htext50                      text50       000000
__Htext52                      text52       000000
__Htext53                      text53       000000
__Htext54                      text54       000000
__Htext55                      text55       000000
__Htext56                      text56       000000
__Htext57                      text57       000000
__Htext58                      text58       000000
__Htext6                       text6        000000
__Htext7                       text7        000000
__Htext8                       text8        000000
__Htext9                       text9        000000
__LRAM                         (abs)        000001
__Labs1                        abs1         000000
__Lbank0                       bank0        000000
__Lbank1                       bank1        000000
__Lbank2                       bank2        000000
__Lbank3                       bank3        000000
__Lbank4                       bank4        000000
__Lbank5                       bank5        000000
__Lbank6                       bank6        000000
__Lbank7                       bank7        000000
__Lbigbss                      bigbss       000000
__Lbigdata                     bigdata      000000
__Lbigram                      bigram       000000
__Lbss                         bss          000000
__LbssBANK0                    bssBANK0     000000
__LbssBANK1                    bssBANK1     000000
__LbssCOMRAM                   bssCOMRAM    000000
__Lcinit                       cinit        000000
__Lclrtext                     clrtext      000000
__Lcomram                      comram       000000
__Lconfig                      config       300000
__Lconst                       const        000000
__LcstackBANK0                 cstackBANK0  000000
__LcstackBANK1                 cstackBANK1  000000
__LcstackCOMRAM                cstackCOMRAM 000000
__Ldata                        data         000000
__LdataBANK0                   dataBANK0    000000
__Leeprom_data                 eeprom_data  000000
__Lend_init                    end_init     000018
__Lfarbss                      farbss       000000
__Lfardata                     fardata      000000
__Libigdata                    ibigdata     000000
__Lidata                       idata        000000
__LidataBANK0                  idataBANK0   000000
__Lidloc                       idloc        200000
__Lifardata                    ifardata     000000
__Linit                        init         000018
__Lintcode                     intcode      000008
__Lintcode_body                intcode_body 000000
__Lintcodelo                   intcodelo    000018
__Lintentry                    intentry     000000
__Lintret                      intret       000000
__Lintsave_regs                intsave_regs 000000
__Lirdata                      irdata       000000
__Lmediumconst                 mediumconst  007ECC
__LnvFARRAM                    nvFARRAM     000000
__Lnvbit                       nvbit        000000
__Lnvrram                      nvrram       000000
__Lparam                       rparam       000000
__Lpowerup                     powerup      000018
__Lram                         ram          000000
__Lramtop                      ramtop       000800
__Lrbit                        rbit         000000
__Lrbss                        rbss         000000
__Lrdata                       rdata        000000
__Lreset_vec                   reset_vec    000000
__Lrparam                      rparam       000000
__Lsfr                         sfr          000000
__Lsmallconst                  smallconst   000000
__Lspace_0                     (abs)        000000
__Lspace_1                     (abs)        000000
__Lspace_2                     (abs)        000000
__Lstack                       stack        000000
__Lstruct                      struct       000000
__Ltemp                        temp         000000
__Ltext                        text         000000
__Ltext0                       text0        000000
__Ltext1                       text1        000000
__Ltext10                      text10       000000
__Ltext11                      text11       000000
__Ltext12                      text12       000000
__Ltext13                      text13       000000
__Ltext14                      text14       000000
__Ltext15                      text15       000000
__Ltext16                      text16       000000
__Ltext17                      text17       000000
__Ltext18                      text18       000000
__Ltext19                      text19       000000
__Ltext2                       text2        000000
__Ltext20                      text20       000000
__Ltext21                      text21       000000
__Ltext22                      text22       000000
__Ltext23                      text23       000000
__Ltext24                      text24       000000
__Ltext25                      text25       000000
__Ltext26                      text26       000000
__Ltext27                      text27       000000
__Ltext28                      text28       000000
__Ltext29                      text29       000000
__Ltext3                       text3        000000
__Ltext30                      text30       000000
__Ltext31                      text31       000000
__Ltext32                      text32       000000
__Ltext33                      text33       000000
__Ltext34                      text34       000000
__Ltext35                      text35       000000
__Ltext36                      text36       000000
__Ltext37                      text37       000000
__Ltext38                      text38       000000
__Ltext39                      text39       000000
__Ltext4                       text4        000000
__Ltext40                      text40       000000
__Ltext41                      text41       000000
__Ltext42                      text42       000000
__Ltext43                      text43       000000
__Ltext44                      text44       000000
__Ltext45                      text45       000000
__Ltext46                      text46       000000
__Ltext47                      text47       000000
__Ltext48                      text48       000000
__Ltext49                      text49       000000
__Ltext5                       text5        000000
__Ltext50                      text50       000000
__Ltext52                      text52       000000
__Ltext53                      text53       000000
__Ltext54                      text54       000000
__Ltext55                      text55       000000
__Ltext56                      text56       000000
__Ltext57                      text57       000000
__Ltext58                      text58       000000
__Ltext6                       text6        000000
__Ltext7                       text7        000000
__Ltext8                       text8        000000
__Ltext9                       text9        000000
__S0                           (abs)        30000E
__S1                           (abs)        000172
__S2                           (abs)        000000
___awdiv                       text33       001CB6
___awdiv@counter               cstackCOMRAM 000023
___awdiv@dividend              cstackCOMRAM 00001F
___awdiv@divisor               cstackCOMRAM 000021
___awdiv@quotient              cstackCOMRAM 000025
___awdiv@sign                  cstackCOMRAM 000024
___awmod                       text32       001E86
___awmod@counter               cstackCOMRAM 00001D
___awmod@dividend              cstackCOMRAM 000019
___awmod@divisor               cstackCOMRAM 00001B
___awmod@sign                  cstackCOMRAM 00001E
___ftadd                       text41       00105E
___ftadd@exp1                  cstackBANK0  000081
___ftadd@exp2                  cstackBANK0  000080
___ftadd@f1                    cstackBANK0  000076
___ftadd@f2                    cstackBANK0  000079
___ftadd@sign                  cstackBANK0  00007F
___ftge                        text44       001F16
___ftge@ff1                    cstackCOMRAM 000019
___ftge@ff2                    cstackCOMRAM 00001C
___ftmul                       text31       0012DE
___ftmul@cntr                  cstackBANK0  00006A
___ftmul@exp                   cstackBANK0  000066
___ftmul@f1                    cstackBANK0  000060
___ftmul@f2                    cstackBANK0  000063
___ftmul@f3_as_product         cstackBANK0  000067
___ftmul@sign                  cstackBANK0  00006B
___ftneg                       text43       00284E
___ftneg@f1                    cstackCOMRAM 000019
___ftpack                      text42       001B68
___ftpack@arg                  cstackCOMRAM 000019
___ftpack@exp                  cstackCOMRAM 00001C
___ftpack@sign                 cstackCOMRAM 00001D
___ftsub                       text40       0025D2
___ftsub@f1                    cstackBANK0  000082
___ftsub@f2                    cstackBANK0  000085
___fttol                       text39       001436
___fttol@exp1                  cstackBANK0  000081
___fttol@f1                    cstackBANK0  000073
___fttol@lval                  cstackBANK0  00007D
___fttol@sign1                 cstackBANK0  00007C
___inthi_sp                    stack        000000
___intlo_sp                    stack        000000
___lbtoft                      text24       002874
___lbtoft@c                    cstackCOMRAM 000024
___lldiv                       text38       00202C
___lldiv@counter               cstackCOMRAM 000025
___lldiv@dividend              cstackCOMRAM 000019
___lldiv@divisor               cstackCOMRAM 00001D
___lldiv@quotient              cstackCOMRAM 000021
___llmod                       text37       0023DE
___llmod@counter               cstackCOMRAM 00002E
___llmod@dividend              cstackCOMRAM 000026
___llmod@divisor               cstackCOMRAM 00002A
___lltoft                      text36       002444
___lltoft@c                    cstackCOMRAM 000021
___lltoft@exp                  cstackCOMRAM 000029
___sp                          stack        000000
___wmul                        text30       002828
___wmul@multiplicand           cstackCOMRAM 000029
___wmul@multiplier             cstackCOMRAM 000027
___wmul@product                cstackCOMRAM 00002B
__accesstop                    (abs)        000060
__activetblptr                 (abs)        000003
__div_to_l_                    text35       0016C2
__div_to_l_@cntr               cstackCOMRAM 000027
__div_to_l_@exp1               cstackCOMRAM 000028
__div_to_l_@f1                 cstackCOMRAM 000019
__div_to_l_@f2                 cstackCOMRAM 00001C
__div_to_l_@quot               cstackCOMRAM 000023
__end_of_BT_Init               text3        001CB6
__end_of_Comando_Tablet        text9        0016C2
__end_of_Inicializa_Driveby    text2        001AB0
__end_of_Lcd_Clear             text48       0029AC
__end_of_Lcd_Cmd               text49       0028B8
__end_of_Lcd_Init              text1        00230C
__end_of_Lcd_Port              text50       0027FC
__end_of_Lcd_Set_Cursor        text47       0024F0
__end_of_Lcd_Write_Char        text46       002766
__end_of_Lcd_Write_Integer     text26       0026F6
__end_of_Lcd_Write_String      text45       002220
__end_of_OpenPWM1              text20       002980
__end_of_OpenPWM2              text18       002648
__end_of_OpenUSART             text14       0023DE
__end_of_PWM_DutyCycle1        text23       0021A6
__end_of_PWM_DutyCycle2        text21       00212A
__end_of_PWM_init1             text19       002914
__end_of_PWM_init2             text17       0028F6
__end_of_Pause_ms              text8        0027D0
__end_of_Pause_seg             text7        0025D2
__end_of_ReadUSART             text58       002932
__end_of_SendBlueToothCommand  text4        002948
__end_of_SetDCPWM1             text25       0026BC
__end_of_SetDCPWM2             text22       002682
__end_of_TMRO_USART            intcode_body 0019EC
__end_of_UART1_Init            text13       002990
__end_of_WriteUSART            text12       00296E
__end_of___awdiv               text33       001D5A
__end_of___awmod               text32       001F16
__end_of___ftadd               text41       0012DE
__end_of___ftge                text44       001FA6
__end_of___ftmul               text31       001436
__end_of___ftneg               text43       002874
__end_of___ftpack              text42       001C10
__end_of___ftsub               text40       00260E
__end_of___fttol               text39       001580
__end_of___lbtoft              text24       002898
__end_of___lldiv               text38       0020AE
__end_of___llmod               text37       002444
__end_of___lltoft              text36       0024A0
__end_of___wmul                text30       00284E
__end_of__div_to_l_            text35       0017F8
__end_of__initialization       cinit        002584
__end_of__npowers_             mediumconst  007F1C
__end_of__powers_              mediumconst  007F43
__end_of__stringdata           mediumconst  007FFE
__end_of__tdiv_to_l_           text34       0018F8
__end_of_clrBufferUSART        text16       00272E
__end_of_dpowers               mediumconst  007EF5
__end_of_fround                text29       00105E
__end_of_getCNY70Value         text15       001B68
__end_of_main                  text0        001DF2
__end_of_putSTRINGU1           text5        001E86
__end_of_putcBluetoothInt      text11       00202C
__end_of_putcBluetoothString   text10       002376
__end_of_putcTxU1              text6        00299E
__end_of_scale                 text28       000DB8
__end_of_sprintf               text27       000940
__end_ofi2_Lcd_Clear           text55       0029BA
__end_ofi2_Lcd_Cmd             text56       0028D8
__end_ofi2_Lcd_Port            text57       002828
__end_ofi2_Lcd_Set_Cursor      text54       002540
__end_ofi2_Lcd_Write_Char      text53       00279E
__end_ofi2_Lcd_Write_String    text52       00229A
__initialization               cinit        002540
__mediumconst                  mediumconst  007ECC
__npowers_                     mediumconst  007EF5
__pbssBANK0                    bssBANK0     0000CE
__pbssBANK1                    bssBANK1     000100
__pbssCOMRAM                   bssCOMRAM    000030
__pcinit                       cinit        002540
__pcstackBANK0                 cstackBANK0  000060
__pcstackBANK1                 cstackBANK1  00015A
__pcstackCOMRAM                cstackCOMRAM 000001
__pdataBANK0                   dataBANK0    0000EC
__pidataBANK0                  idataBANK0   002948
__pintcode                     intcode      000008
__pintcode_body                intcode_body 0018F8
__pmediumconst                 mediumconst  007ECC
__powers_                      mediumconst  007F1C
__ptext0                       text0        001D5A
__ptext1                       text1        00229A
__ptext10                      text10       00230C
__ptext11                      text11       001FA6
__ptext12                      text12       00295C
__ptext13                      text13       002980
__ptext14                      text14       002376
__ptext15                      text15       001AB0
__ptext16                      text16       0026F6
__ptext17                      text17       0028D8
__ptext18                      text18       00260E
__ptext19                      text19       0028F6
__ptext2                       text2        0019EC
__ptext20                      text20       00296E
__ptext21                      text21       0020AE
__ptext22                      text22       002648
__ptext23                      text23       00212A
__ptext24                      text24       002874
__ptext25                      text25       002682
__ptext26                      text26       0026BC
__ptext27                      text27       00001C
__ptext28                      text28       000940
__ptext29                      text29       000DB8
__ptext3                       text3        001C10
__ptext30                      text30       002828
__ptext31                      text31       0012DE
__ptext32                      text32       001E86
__ptext33                      text33       001CB6
__ptext34                      text34       0017F8
__ptext35                      text35       0016C2
__ptext36                      text36       002444
__ptext37                      text37       0023DE
__ptext38                      text38       00202C
__ptext39                      text39       001436
__ptext4                       text4        002932
__ptext40                      text40       0025D2
__ptext41                      text41       00105E
__ptext42                      text42       001B68
__ptext43                      text43       00284E
__ptext44                      text44       001F16
__ptext45                      text45       0021A6
__ptext46                      text46       00272E
__ptext47                      text47       0024A0
__ptext48                      text48       00299E
__ptext49                      text49       002898
__ptext5                       text5        001DF2
__ptext50                      text50       0027D0
__ptext52                      text52       002220
__ptext53                      text53       002766
__ptext54                      text54       0024F0
__ptext55                      text55       0029AC
__ptext56                      text56       0028B8
__ptext57                      text57       0027FC
__ptext58                      text58       002914
__ptext6                       text6        002990
__ptext7                       text7        00258A
__ptext8                       text8        00279E
__ptext9                       text9        001580
__ramtop                       ramtop       000800
__size_of_BT_Init              (abs)        000000
__size_of_Comando_Tablet       (abs)        000000
__size_of_Inicializa_Driveby   (abs)        000000
__size_of_Lcd_Clear            (abs)        000000
__size_of_Lcd_Cmd              (abs)        000000
__size_of_Lcd_Init             (abs)        000000
__size_of_Lcd_Port             (abs)        000000
__size_of_Lcd_Set_Cursor       (abs)        000000
__size_of_Lcd_Write_Char       (abs)        000000
__size_of_Lcd_Write_Integer    (abs)        000000
__size_of_Lcd_Write_String     (abs)        000000
__size_of_OpenPWM1             (abs)        000000
__size_of_OpenPWM2             (abs)        000000
__size_of_OpenUSART            (abs)        000000
__size_of_PWM_DutyCycle1       (abs)        000000
__size_of_PWM_DutyCycle2       (abs)        000000
__size_of_PWM_init1            (abs)        000000
__size_of_PWM_init2            (abs)        000000
__size_of_Pause_ms             (abs)        000000
__size_of_Pause_seg            (abs)        000000
__size_of_ReadUSART            (abs)        000000
__size_of_SendBlueToothCommand (abs)        000000
__size_of_SetDCPWM1            (abs)        000000
__size_of_SetDCPWM2            (abs)        000000
__size_of_TMRO_USART           (abs)        000000
__size_of_UART1_Init           (abs)        000000
__size_of_WriteUSART           (abs)        000000
__size_of___awdiv              (abs)        000000
__size_of___awmod              (abs)        000000
__size_of___ftadd              (abs)        000000
__size_of___ftge               (abs)        000000
__size_of___ftmul              (abs)        000000
__size_of___ftneg              (abs)        000000
__size_of___ftpack             (abs)        000000
__size_of___ftsub              (abs)        000000
__size_of___fttol              (abs)        000000
__size_of___lbtoft             (abs)        000000
__size_of___lldiv              (abs)        000000
__size_of___llmod              (abs)        000000
__size_of___lltoft             (abs)        000000
__size_of___wmul               (abs)        000000
__size_of__div_to_l_           (abs)        000000
__size_of__tdiv_to_l_          (abs)        000000
__size_of_clrBufferUSART       (abs)        000000
__size_of_fround               (abs)        000000
__size_of_getCNY70Value        (abs)        000000
__size_of_main                 (abs)        000000
__size_of_putSTRINGU1          (abs)        000000
__size_of_putcBluetoothInt     (abs)        000000
__size_of_putcBluetoothString  (abs)        000000
__size_of_putcTxU1             (abs)        000000
__size_of_scale                (abs)        000000
__size_of_sprintf              (abs)        000000
__size_ofi2_Lcd_Clear          (abs)        000000
__size_ofi2_Lcd_Cmd            (abs)        000000
__size_ofi2_Lcd_Port           (abs)        000000
__size_ofi2_Lcd_Set_Cursor     (abs)        000000
__size_ofi2_Lcd_Write_Char     (abs)        000000
__size_ofi2_Lcd_Write_String   (abs)        000000
__smallconst                   smallconst   000000
__stringdata                   mediumconst  007F43
__tdiv_to_l_                   text34       0017F8
__tdiv_to_l_@cntr              cstackCOMRAM 000026
__tdiv_to_l_@exp1              cstackCOMRAM 000027
__tdiv_to_l_@f1                cstackCOMRAM 000019
__tdiv_to_l_@f2                cstackCOMRAM 00001C
__tdiv_to_l_@quot              cstackCOMRAM 000022
_array                         bssBANK1     000114
_cad                           bssCOMRAM    00003D
_cleanBfer                     bssCOMRAM    00003E
_clrBufferUSART                text16       0026F6
_comando                       bssBANK0     0000D8
_contador                      bssCOMRAM    00003F
_contador2                     bssCOMRAM    000040
_countup                       dataBANK0    0000FE
_dpowers                       mediumconst  007ECD
_fround                        text29       000DB8
_fround$2490                   cstackBANK0  000072
_fround$2491                   cstackBANK0  00006F
_getCNY70Value                 text15       001AB0
_i                             bssBANK0     0000D6
_j                             bssCOMRAM    000041
_lenght                        bssCOMRAM    000042
_main                          text0        001D5A
_num_med_hi                    bssCOMRAM    000043
_num_med_low                   bssCOMRAM    000044
_num_med_medium                bssCOMRAM    000045
_packet                        bssCOMRAM    000046
_putSTRINGU1                   text5        001DF2
_putcBluetoothInt              text11       001FA6
_putcBluetoothString           text10       00230C
_putcTxU1                      text6        002990
_scale                         text28       000940
_scale$2492                    cstackBANK0  00006F
_sprintf                       text27       00001C
_sprintf$1468                  cstackBANK0  000098
_sprintf$2493                  cstackBANK0  000095
clrBufferUSART@i               cstackCOMRAM 000019
end_of_initialization          cinit        002584
fround@prec                    cstackBANK0  000075
i2Lcd_Cmd@a                    cstackCOMRAM 000003
i2Lcd_Port@a                   cstackCOMRAM 000001
i2Lcd_Set_Cursor@a             cstackCOMRAM 000005
i2Lcd_Set_Cursor@b             cstackCOMRAM 000004
i2Lcd_Set_Cursor@temp          cstackCOMRAM 000008
i2Lcd_Set_Cursor@y             cstackCOMRAM 000007
i2Lcd_Set_Cursor@z             cstackCOMRAM 000006
i2Lcd_Write_Char@a             cstackCOMRAM 000004
i2Lcd_Write_Char@temp          cstackCOMRAM 000002
i2Lcd_Write_Char@y             cstackCOMRAM 000003
i2Lcd_Write_String@a           cstackCOMRAM 000005
i2Lcd_Write_String@i           cstackCOMRAM 000009
i2_Lcd_Clear                   text55       0029AC
i2_Lcd_Cmd                     text56       0028B8
i2_Lcd_Port                    text57       0027FC
i2_Lcd_Set_Cursor              text54       0024F0
i2_Lcd_Write_Char              text53       002766
i2_Lcd_Write_String            text52       002220
int_func                       intcode_body 0018F8
intlevel0                      text         000000
intlevel1                      text         000000
intlevel2                      text         000000
intlevel3                      text         000000
putSTRINGU1@cont               cstackCOMRAM 000022
putSTRINGU1@dato               cstackCOMRAM 00001B
putSTRINGU1@last               cstackCOMRAM 000021
putSTRINGU1@total              cstackCOMRAM 00001D
putcBluetoothInt@a             cstackBANK0  0000B8
putcBluetoothInt@i             cstackBANK1  00016E
putcBluetoothInt@s             cstackBANK1  00015A
putcBluetoothString@a          cstackCOMRAM 000020
putcBluetoothString@i          cstackCOMRAM 000024
putcTxU1@character             cstackCOMRAM 00001A
scale@scl                      cstackBANK0  000072
sprintf@_val                   cstackBANK0  0000AD
sprintf@ap                     cstackBANK0  0000A4
sprintf@c                      cstackBANK0  0000B7
sprintf@exp                    cstackBANK0  0000B2
sprintf@f                      cstackBANK0  00008A
sprintf@flag                   cstackBANK0  0000A6
sprintf@fval                   cstackBANK0  0000B4
sprintf@integ                  cstackBANK0  0000A8
sprintf@prec                   cstackBANK0  0000AB
sprintf@sp                     cstackBANK0  000088
sprintf@vd                     cstackBANK0  00009C
sprintf@vd_1470                cstackBANK0  0000A0
stackhi                        (abs)        0007FF
stacklo                        (abs)        000172
start                          init         000018
start_initialization           cinit        002540


FUNCTION INFORMATION:

 *************** function _main *****************
 Defined at:
		line 122 in file "robot.c"
 Parameters:    Size  Location     Type
		None
 Auto vars:     Size  Location     Type
		None
 Return value:  Size  Location     Type
                  2  372[COMRAM] int 
 Registers used:
		wreg, fsr0l, fsr0h, fsr1l, fsr1h, fsr2l, fsr2h, status,2, status,0, tblptrl, tblptrh, tblptru, prodl, prodh, cstack
 Tracked objects:
		On entry : 
		On exit  : 
		Unchanged: 
 Data sizes:     COMRAM   BANK0   BANK1   BANK2   BANK3   BANK4   BANK5   BANK6   BANK7
      Params:         0       0       0       0       0       0       0       0       0
      Locals:         0       0       0       0       0       0       0       0       0
      Temps:          0       0       0       0       0       0       0       0       0
      Totals:         0       0       0       0       0       0       0       0       0
Total ram usage:        0 bytes
 Hardware stack levels required when called:   10
 This function calls:
		_Comando_Tablet
		_Inicializa_Driveby
		_Lcd_Clear
		_Lcd_Init
		_Lcd_Set_Cursor
		_Lcd_Write_String
		_UART1_Init
		_clrBufferUSART
 This function is called by:
		Startup code after reset
 This function uses a non-reentrant model


 *************** function _Lcd_Init *****************
 Defined at:
		line 57 in file "lcd.c"
 Parameters:    Size  Location     Type
		None
 Auto vars:     Size  Location     Type
		None
 Return value:  Size  Location     Type
		None               void
 Registers used:
		wreg, status,2, cstack
 Tracked objects:
		On entry : 
		On exit  : 
		Unchanged: 
 Data sizes:     COMRAM   BANK0   BANK1   BANK2   BANK3   BANK4   BANK5   BANK6   BANK7
      Params:         0       0       0       0       0       0       0       0       0
      Locals:         0       0       0       0       0       0       0       0       0
      Temps:          1       0       0       0       0       0       0       0       0
      Totals:         1       0       0       0       0       0       0       0       0
Total ram usage:        1 bytes
 Hardware stack levels used:    1
 Hardware stack levels required when called:    6
 This function calls:
		_Lcd_Cmd
		_Lcd_Port
 This function is called by:
		_main
 This function uses a non-reentrant model


 *************** function _Inicializa_Driveby *****************
 Defined at:
		line 62 in file "Funciones_Db.c"
 Parameters:    Size  Location     Type
		None
 Auto vars:     Size  Location     Type
  i               2   39[COMRAM] int 
 Return value:  Size  Location     Type
		None               void
 Registers used:
		wreg, fsr0l, fsr0h, fsr1l, fsr1h, fsr2l, fsr2h, status,2, status,0, tblptrl, tblptrh, tblptru, prodl, prodh, cstack
 Tracked objects:
		On entry : 
		On exit  : 
		Unchanged: 
 Data sizes:     COMRAM   BANK0   BANK1   BANK2   BANK3   BANK4   BANK5   BANK6   BANK7
      Params:         0       0       0       0       0       0       0       0       0
      Locals:         2       0       0       0       0       0       0       0       0
      Temps:          1       0       0       0       0       0       0       0       0
      Totals:         3       0       0       0       0       0       0       0       0
Total ram usage:        3 bytes
 Hardware stack levels used:    1
 Hardware stack levels required when called:    9
 This function calls:
		_BT_Init
		_Lcd_Clear
		_Lcd_Set_Cursor
		_Lcd_Write_String
		_Pause_seg
		_clrBufferUSART
 This function is called by:
		_main
 This function uses a non-reentrant model


 *************** function _BT_Init *****************
 Defined at:
		line 16 in file "Bluetooth.c"
 Parameters:    Size  Location     Type
		None
 Auto vars:     Size  Location     Type
  nameBT         18    0[BANK0 ] unsigned char [18]
 Return value:  Size  Location     Type
		None               void
 Registers used:
		wreg, fsr0l, fsr0h, fsr1l, fsr1h, fsr2l, fsr2h, status,2, status,0, tblptrl, tblptrh, tblptru, prodl, prodh, cstack
 Tracked objects:
		On entry : 
		On exit  : 
		Unchanged: 
 Data sizes:     COMRAM   BANK0   BANK1   BANK2   BANK3   BANK4   BANK5   BANK6   BANK7
      Params:         0       0       0       0       0       0       0       0       0
      Locals:         0      18       0       0       0       0       0       0       0
      Temps:          0       0       0       0       0       0       0       0       0
      Totals:         0      18       0       0       0       0       0       0       0
Total ram usage:       18 bytes
 Hardware stack levels used:    1
 Hardware stack levels required when called:    8
 This function calls:
		_Pause_seg
		_SendBlueToothCommand
		_UART1_Init
 This function is called by:
		_Inicializa_Driveby
		_EstadoBluetooth
 This function uses a non-reentrant model


 *************** function _SendBlueToothCommand *****************
 Defined at:
		line 48 in file "Bluetooth.c"
 Parameters:    Size  Location     Type
  command         2   34[COMRAM] PTR const unsigned char 
		 -> STR_4(9), STR_3(9), STR_2(15), STR_1(12), 
		 -> BT_Init@nameBT(18), 
  total           2   36[COMRAM] unsigned int 
 Auto vars:     Size  Location     Type
		None
 Return value:  Size  Location     Type
		None               void
 Registers used:
		wreg, fsr0l, fsr0h, status,2, status,0, tblptrl, tblptrh, tblptru, prodl, prodh, cstack
 Tracked objects:
		On entry : 
		On exit  : 
		Unchanged: 
 Data sizes:     COMRAM   BANK0   BANK1   BANK2   BANK3   BANK4   BANK5   BANK6   BANK7
      Params:         4       0       0       0       0       0       0       0       0
      Locals:         0       0       0       0       0       0       0       0       0
      Temps:          0       0       0       0       0       0       0       0       0
      Totals:         4       0       0       0       0       0       0       0       0
Total ram usage:        4 bytes
 Hardware stack levels used:    1
 Hardware stack levels required when called:    7
 This function calls:
		_putSTRINGU1
 This function is called by:
		_BT_Init
 This function uses a non-reentrant model


 *************** function _putSTRINGU1 *****************
 Defined at:
		line 18 in file "UART1.c"
 Parameters:    Size  Location     Type
  dato            2   26[COMRAM] PTR const unsigned char 
		 -> STR_4(9), STR_3(9), STR_2(15), STR_1(12), 
		 -> BT_Init@nameBT(18), 
  total           2   28[COMRAM] unsigned int 
 Auto vars:     Size  Location     Type
  cont            1   33[COMRAM] unsigned char 
  last            1   32[COMRAM] unsigned char 
 Return value:  Size  Location     Type
		None               void
 Registers used:
		wreg, fsr0l, fsr0h, status,2, status,0, tblptrl, tblptrh, tblptru, prodl, prodh, cstack
 Tracked objects:
		On entry : 
		On exit  : 
		Unchanged: 
 Data sizes:     COMRAM   BANK0   BANK1   BANK2   BANK3   BANK4   BANK5   BANK6   BANK7
      Params:         4       0       0       0       0       0       0       0       0
      Locals:         2       0       0       0       0       0       0       0       0
      Temps:          2       0       0       0       0       0       0       0       0
      Totals:         8       0       0       0       0       0       0       0       0
Total ram usage:        8 bytes
 Hardware stack levels used:    1
 Hardware stack levels required when called:    6
 This function calls:
		_putcTxU1
 This function is called by:
		_SendBlueToothCommand
 This function uses a non-reentrant model


 *************** function _putcTxU1 *****************
 Defined at:
		line 12 in file "UART1.c"
 Parameters:    Size  Location     Type
  character       1    wreg     unsigned char 
 Auto vars:     Size  Location     Type
  character       1   25[COMRAM] unsigned char 
 Return value:  Size  Location     Type
		None               void
 Registers used:
		wreg, status,2, cstack
 Tracked objects:
		On entry : 
		On exit  : 
		Unchanged: 
 Data sizes:     COMRAM   BANK0   BANK1   BANK2   BANK3   BANK4   BANK5   BANK6   BANK7
      Params:         0       0       0       0       0       0       0       0       0
      Locals:         1       0       0       0       0       0       0       0       0
      Temps:          0       0       0       0       0       0       0       0       0
      Totals:         1       0       0       0       0       0       0       0       0
Total ram usage:        1 bytes
 Hardware stack levels used:    1
 Hardware stack levels required when called:    5
 This function calls:
		_WriteUSART
 This function is called by:
		_putSTRINGU1
 This function uses a non-reentrant model


 *************** function _Pause_seg *****************
 Defined at:
		line 18 in file "Retardos.c"
 Parameters:    Size  Location     Type
  x               1    wreg     unsigned char 
 Auto vars:     Size  Location     Type
  x               1   29[COMRAM] unsigned char 
  i               1   30[COMRAM] unsigned char 
 Return value:  Size  Location     Type
		None               void
 Registers used:
		wreg, status,2, status,0, cstack
 Tracked objects:
		On entry : 
		On exit  : 
		Unchanged: 
 Data sizes:     COMRAM   BANK0   BANK1   BANK2   BANK3   BANK4   BANK5   BANK6   BANK7
      Params:         0       0       0       0       0       0       0       0       0
      Locals:         2       0       0       0       0       0       0       0       0
      Temps:          0       0       0       0       0       0       0       0       0
      Totals:         2       0       0       0       0       0       0       0       0
Total ram usage:        2 bytes
 Hardware stack levels used:    1
 Hardware stack levels required when called:    5
 This function calls:
		_Pause_ms
 This function is called by:
		_BT_Init
		_Inicializa_Driveby
		_EstadoBluetooth
 This function uses a non-reentrant model


 *************** function _Pause_ms *****************
 Defined at:
		line 11 in file "Retardos.c"
 Parameters:    Size  Location     Type
  x               2   24[COMRAM] unsigned int 
 Auto vars:     Size  Location     Type
  i               2   27[COMRAM] unsigned int 
 Return value:  Size  Location     Type
		None               void
 Registers used:
		wreg, status,2, status,0
 Tracked objects:
		On entry : 
		On exit  : 
		Unchanged: 
 Data sizes:     COMRAM   BANK0   BANK1   BANK2   BANK3   BANK4   BANK5   BANK6   BANK7
      Params:         2       0       0       0       0       0       0       0       0
      Locals:         2       0       0       0       0       0       0       0       0
      Temps:          1       0       0       0       0       0       0       0       0
      Totals:         5       0       0       0       0       0       0       0       0
Total ram usage:        5 bytes
 Hardware stack levels used:    1
 Hardware stack levels required when called:    4
 This function calls:
		Nothing
 This function is called by:
		_Pause_seg
 This function uses a non-reentrant model


 *************** function _Comando_Tablet *****************
 Defined at:
		line 104 in file "Funciones_Db.c"
 Parameters:    Size  Location     Type
		None
 Auto vars:     Size  Location     Type
  sensed          2   22[BANK1 ] int 
 Return value:  Size  Location     Type
		None               void
 Registers used:
		wreg, fsr0l, fsr0h, fsr2l, fsr2h, status,2, status,0, tblptrl, tblptrh, tblptru, prodl, prodh, cstack
 Tracked objects:
		On entry : 
		On exit  : 
		Unchanged: 
 Data sizes:     COMRAM   BANK0   BANK1   BANK2   BANK3   BANK4   BANK5   BANK6   BANK7
      Params:         0       0       0       0       0       0       0       0       0
      Locals:         0       0       2       0       0       0       0       0       0
      Temps:          0       0       0       0       0       0       0       0       0
      Totals:         0       0       2       0       0       0       0       0       0
Total ram usage:        2 bytes
 Hardware stack levels used:    1
 Hardware stack levels required when called:    9
 This function calls:
		_Lcd_Clear
		_Lcd_Set_Cursor
		_Lcd_Write_Integer
		_Lcd_Write_String
		_PWM_DutyCycle1
		_PWM_DutyCycle2
		_PWM_init1
		_PWM_init2
		_clrBufferUSART
		_getCNY70Value
		_putcBluetoothInt
		_putcBluetoothString
 This function is called by:
		_main
 This function uses a non-reentrant model


 *************** function _putcBluetoothString *****************
 Defined at:
		line 90 in file "Bluetooth.c"
 Parameters:    Size  Location     Type
  a               2   31[COMRAM] PTR unsigned char 
		 -> STR_15(2), 
 Auto vars:     Size  Location     Type
  i               2   35[COMRAM] int 
 Return value:  Size  Location     Type
		None               void
 Registers used:
		wreg, status,2, status,0, tblptrl, tblptrh, tblptru, cstack
 Tracked objects:
		On entry : 
		On exit  : 
		Unchanged: 
 Data sizes:     COMRAM   BANK0   BANK1   BANK2   BANK3   BANK4   BANK5   BANK6   BANK7
      Params:         2       0       0       0       0       0       0       0       0
      Locals:         2       0       0       0       0       0       0       0       0
      Temps:          2       0       0       0       0       0       0       0       0
      Totals:         6       0       0       0       0       0       0       0       0
Total ram usage:        6 bytes
 Hardware stack levels used:    1
 Hardware stack levels required when called:    6
 This function calls:
		_UART1_Init
		_WriteUSART
 This function is called by:
		_Comando_Tablet
 This function uses a non-reentrant model


 *************** function _putcBluetoothInt *****************
 Defined at:
		line 102 in file "Bluetooth.c"
 Parameters:    Size  Location     Type
  a               2   88[BANK0 ] int 
 Auto vars:     Size  Location     Type
  s              20    0[BANK1 ] unsigned char [20]
  i               2   20[BANK1 ] int 
 Return value:  Size  Location     Type
		None               void
 Registers used:
		wreg, fsr2l, fsr2h, status,2, status,0, tblptrl, tblptrh, tblptru, prodl, prodh, cstack
 Tracked objects:
		On entry : 
		On exit  : 
		Unchanged: 
 Data sizes:     COMRAM   BANK0   BANK1   BANK2   BANK3   BANK4   BANK5   BANK6   BANK7
      Params:         0       2       0       0       0       0       0       0       0
      Locals:         0       0      22       0       0       0       0       0       0
      Temps:          0       0       0       0       0       0       0       0       0
      Totals:         0       2      22       0       0       0       0       0       0
Total ram usage:       24 bytes
 Hardware stack levels used:    1
 Hardware stack levels required when called:    8
 This function calls:
		_UART1_Init
		_WriteUSART
		_sprintf
 This function is called by:
		_Comando_Tablet
 This function uses a non-reentrant model


 *************** function _WriteUSART *****************
 Defined at:
		line 13 in file "C:\Program Files\Microchip\xc8\v1.33\sources\pic18\plib\USART\uwrite.c"
 Parameters:    Size  Location     Type
  data            1    wreg     unsigned char 
 Auto vars:     Size  Location     Type
  data            1   24[COMRAM] unsigned char 
 Return value:  Size  Location     Type
		None               void
 Registers used:
		wreg
 Tracked objects:
		On entry : 
		On exit  : 
		Unchanged: 
 Data sizes:     COMRAM   BANK0   BANK1   BANK2   BANK3   BANK4   BANK5   BANK6   BANK7
      Params:         0       0       0       0       0       0       0       0       0
      Locals:         1       0       0       0       0       0       0       0       0
      Temps:          0       0       0       0       0       0       0       0       0
      Totals:         1       0       0       0       0       0       0       0       0
Total ram usage:        1 bytes
 Hardware stack levels used:    1
 Hardware stack levels required when called:    4
 This function calls:
		Nothing
 This function is called by:
		_putcBluetoothString
		_putcBluetoothInt
		_putcTxU1
 This function uses a non-reentrant model


 *************** function _UART1_Init *****************
 Defined at:
		line 5 in file "UART1.c"
 Parameters:    Size  Location     Type
  bdr             1    wreg     unsigned char 
 Auto vars:     Size  Location     Type
  bdr             1   30[COMRAM] unsigned char 
 Return value:  Size  Location     Type
		None               void
 Registers used:
		wreg, status,2, cstack
 Tracked objects:
		On entry : 
		On exit  : 
		Unchanged: 
 Data sizes:     COMRAM   BANK0   BANK1   BANK2   BANK3   BANK4   BANK5   BANK6   BANK7
      Params:         0       0       0       0       0       0       0       0       0
      Locals:         1       0       0       0       0       0       0       0       0
      Temps:          0       0       0       0       0       0       0       0       0
      Totals:         1       0       0       0       0       0       0       0       0
Total ram usage:        1 bytes
 Hardware stack levels used:    1
 Hardware stack levels required when called:    5
 This function calls:
		_OpenUSART
 This function is called by:
		_BT_Init
		_putcBluetoothString
		_putcBluetoothInt
		_main
		_EstadoBluetooth
 This function uses a non-reentrant model


 *************** function _OpenUSART *****************
 Defined at:
		line 73 in file "C:\Program Files\Microchip\xc8\v1.33\sources\pic18\plib\USART\uopen.c"
 Parameters:    Size  Location     Type
  config          1    wreg     unsigned char 
  spbrg           2   24[COMRAM] unsigned int 
 Auto vars:     Size  Location     Type
  config          1   29[COMRAM] unsigned char 
 Return value:  Size  Location     Type
		None               void
 Registers used:
		wreg, status,2
 Tracked objects:
		On entry : 
		On exit  : 
		Unchanged: 
 Data sizes:     COMRAM   BANK0   BANK1   BANK2   BANK3   BANK4   BANK5   BANK6   BANK7
      Params:         2       0       0       0       0       0       0       0       0
      Locals:         1       0       0       0       0       0       0       0       0
      Temps:          3       0       0       0       0       0       0       0       0
      Totals:         6       0       0       0       0       0       0       0       0
Total ram usage:        6 bytes
 Hardware stack levels used:    1
 Hardware stack levels required when called:    4
 This function calls:
		Nothing
 This function is called by:
		_UART1_Init
 This function uses a non-reentrant model


 *************** function _getCNY70Value *****************
 Defined at:
		line 3 in file "cny70.c"
 Parameters:    Size  Location     Type
		None
 Auto vars:     Size  Location     Type
		None
 Return value:  Size  Location     Type
                  2   24[COMRAM] int 
 Registers used:
		wreg, status,2
 Tracked objects:
		On entry : 
		On exit  : 
		Unchanged: 
 Data sizes:     COMRAM   BANK0   BANK1   BANK2   BANK3   BANK4   BANK5   BANK6   BANK7
      Params:         2       0       0       0       0       0       0       0       0
      Locals:         0       0       0       0       0       0       0       0       0
      Temps:          0       0       0       0       0       0       0       0       0
      Totals:         2       0       0       0       0       0       0       0       0
Total ram usage:        2 bytes
 Hardware stack levels used:    1
 Hardware stack levels required when called:    4
 This function calls:
		Nothing
 This function is called by:
		_Comando_Tablet
 This function uses a non-reentrant model


 *************** function _clrBufferUSART *****************
 Defined at:
		line 68 in file "Bluetooth.c"
 Parameters:    Size  Location     Type
		None
 Auto vars:     Size  Location     Type
  i               2   24[COMRAM] int 
 Return value:  Size  Location     Type
		None               void
 Registers used:
		wreg, fsr2l, fsr2h, status,2, status,0
 Tracked objects:
		On entry : 
		On exit  : 
		Unchanged: 
 Data sizes:     COMRAM   BANK0   BANK1   BANK2   BANK3   BANK4   BANK5   BANK6   BANK7
      Params:         0       0       0       0       0       0       0       0       0
      Locals:         2       0       0       0       0       0       0       0       0
      Temps:          0       0       0       0       0       0       0       0       0
      Totals:         2       0       0       0       0       0       0       0       0
Total ram usage:        2 bytes
 Hardware stack levels used:    1
 Hardware stack levels required when called:    4
 This function calls:
		Nothing
 This function is called by:
		_Inicializa_Driveby
		_Comando_Tablet
		_main
		_CheckTX
		_EstadoBluetooth
 This function uses a non-reentrant model


 *************** function _PWM_init2 *****************
 Defined at:
		line 42 in file "pwm.c"
 Parameters:    Size  Location     Type
  period          1    wreg     unsigned char 
 Auto vars:     Size  Location     Type
  period          1   27[COMRAM] unsigned char 
 Return value:  Size  Location     Type
		None               void
 Registers used:
		wreg, status,2, status,0, tblptrl, tblptrh, tblptru, cstack
 Tracked objects:
		On entry : 
		On exit  : 
		Unchanged: 
 Data sizes:     COMRAM   BANK0   BANK1   BANK2   BANK3   BANK4   BANK5   BANK6   BANK7
      Params:         0       0       0       0       0       0       0       0       0
      Locals:         1       0       0       0       0       0       0       0       0
      Temps:          0       0       0       0       0       0       0       0       0
      Totals:         1       0       0       0       0       0       0       0       0
Total ram usage:        1 bytes
 Hardware stack levels used:    1
 Hardware stack levels required when called:    5
 This function calls:
		_OpenPWM2
 This function is called by:
		_Comando_Tablet
 This function uses a non-reentrant model


 *************** function _OpenPWM2 *****************
 Defined at:
		line 18 in file "C:\Program Files\Microchip\xc8\v1.33\sources\pic18\plib\PWM\pw2open.c"
[...]
 This function is called by:
		_Inicializa_Driveby
		_Comando_Tablet
		_main
 This function uses a non-reentrant model


 *************** function _Lcd_Clear *****************
 Defined at:
		line 35 in file "lcd.c"
 Parameters:    Size  Location     Type
		None
 Auto vars:     Size  Location     Type
		None
 Return value:  Size  Location     Type
		None               void
 Registers used:
		wreg, status,2, cstack
 Tracked objects:
		On entry : 
		On exit  : 
		Unchanged: 
 Data sizes:     COMRAM   BANK0   BANK1   BANK2   BANK3   BANK4   BANK5   BANK6   BANK7
      Params:         0       0       0       0       0       0       0       0       0
      Locals:         0       0       0       0       0       0       0       0       0
      Temps:          0       0       0       0       0       0       0       0       0
      Totals:         0       0       0       0       0       0       0       0       0
Total ram usage:        0 bytes
 Hardware stack levels used:    1
 Hardware stack levels required when called:    6
 This function calls:
		_Lcd_Cmd
 This function is called by:
		_Inicializa_Driveby
		_Comando_Tablet
		_main
 This function uses a non-reentrant model


 *************** function _Lcd_Cmd *****************
 Defined at:
		line 27 in file "lcd.c"
 Parameters:    Size  Location     Type
  a               1    wreg     unsigned char 
 Auto vars:     Size  Location     Type
  a               1   26[COMRAM] unsigned char 
 Return value:  Size  Location     Type
		None               void
 Registers used:
		wreg, status,2, cstack
 Tracked objects:
		On entry : 
		On exit  : 
		Unchanged: 
 Data sizes:     COMRAM   BANK0   BANK1   BANK2   BANK3   BANK4   BANK5   BANK6   BANK7
      Params:         0       0       0       0       0       0       0       0       0
      Locals:         1       0       0       0       0       0       0       0       0
      Temps:          1       0       0       0       0       0       0       0       0
      Totals:         2       0       0       0       0       0       0       0       0
Total ram usage:        2 bytes
 Hardware stack levels used:    1
 Hardware stack levels required when called:    5
 This function calls:
		_Lcd_Port
 This function is called by:
		_Lcd_Clear
		_Lcd_Set_Cursor
		_Lcd_Init
		_Lcd_Shift_Right
		_Lcd_Shift_Left
 This function uses a non-reentrant model


 *************** function _Lcd_Port *****************
 Defined at:
		line 6 in file "lcd.c"
 Parameters:    Size  Location     Type
  a               1    wreg     unsigned char 
 Auto vars:     Size  Location     Type
  a               1   24[COMRAM] unsigned char 
 Return value:  Size  Location     Type
		None               void
 Registers used:
		wreg
 Tracked objects:
		On entry : 
		On exit  : 
		Unchanged: 
 Data sizes:     COMRAM   BANK0   BANK1   BANK2   BANK3   BANK4   BANK5   BANK6   BANK7
      Params:         0       0       0       0       0       0       0       0       0
      Locals:         1       0       0       0       0       0       0       0       0
      Temps:          0       0       0       0       0       0       0       0       0
      Totals:         1       0       0       0       0       0       0       0       0
Total ram usage:        1 bytes
 Hardware stack levels used:    1
 Hardware stack levels required when called:    4
 This function calls:
		Nothing
 This function is called by:
		_Lcd_Cmd
		_Lcd_Init
		_Lcd_Write_Char
 This function uses a non-reentrant model


 *************** function _TMRO_USART *****************
 Defined at:
		line 84 in file "robot.c"
 Parameters:    Size  Location     Type
		None
 Auto vars:     Size  Location     Type
		None
 Return value:  Size  Location     Type
		None               void
 Registers used:
		wreg, fsr0l, fsr0h, fsr2l, fsr2h, status,2, status,0, tblptrl, tblptrh, tblptru, prodl, prodh, cstack
 Tracked objects:
		On entry : 
		On exit  : 
		Unchanged: 
 Data sizes:     COMRAM   BANK0   BANK1   BANK2   BANK3   BANK4   BANK5   BANK6   BANK7
      Params:         0       0       0       0       0       0       0       0       0
      Locals:         0       0       0       0       0       0       0       0       0
      Temps:         14       0       0       0       0       0       0       0       0
      Totals:        14       0       0       0       0       0       0       0       0
Total ram usage:       14 bytes
 Hardware stack levels used:    1
 Hardware stack levels required when called:    3
 This function calls:
		_ReadUSART
		i2_Lcd_Clear
		i2_Lcd_Set_Cursor
		i2_Lcd_Write_String
 This function is called by:
		Interrupt level 2
 This function uses a non-reentrant model


 *************** function i2_Lcd_Write_String *****************
 Defined at:
		line 90 in file "lcd.c"
 Parameters:    Size  Location     Type
  a               2    4[COMRAM] PTR unsigned char 
		 -> STR_21(11), STR_20(7), STR_19(18), Lcd_Write_Integer@s(20), 
		 -> Lcd_Write_Float@s(20), STR_16(8), STR_14(2), STR_13(2), 
		 -> STR_12(2), STR_11(16), STR_10(7), 
 Auto vars:     Size  Location     Type
  Lcd_Write_St    2    8[COMRAM] int 
 Return value:  Size  Location     Type
		None               void
 Registers used:
		wreg, fsr0l, fsr0h, status,2, status,0, tblptrl, tblptrh, tblptru, cstack
 Tracked objects:
		On entry : 
		On exit  : 
		Unchanged: 
 Data sizes:     COMRAM   BANK0   BANK1   BANK2   BANK3   BANK4   BANK5   BANK6   BANK7
      Params:         2       0       0       0       0       0       0       0       0
      Locals:         2       0       0       0       0       0       0       0       0
      Temps:          2       0       0       0       0       0       0       0       0
      Totals:         6       0       0       0       0       0       0       0       0
Total ram usage:        6 bytes
 Hardware stack levels used:    1
 Hardware stack levels required when called:    2
 This function calls:
		i2_Lcd_Write_Char
 This function is called by:
		_TMRO_USART
 This function uses a non-reentrant model


 *************** function i2_Lcd_Write_Char *****************
 Defined at:
		line 75 in file "lcd.c"
 Parameters:    Size  Location     Type
  a               1    wreg     unsigned char 
 Auto vars:     Size  Location     Type
  a               1    3[COMRAM] unsigned char 
  Lcd_Write_Ch    1    2[COMRAM] unsigned char 
  Lcd_Write_Ch    1    1[COMRAM] unsigned char 
 Return value:  Size  Location     Type
		None               void
 Registers used:
		wreg, status,2, status,0, cstack
 Tracked objects:
		On entry : 
		On exit  : 
		Unchanged: 
 Data sizes:     COMRAM   BANK0   BANK1   BANK2   BANK3   BANK4   BANK5   BANK6   BANK7
      Params:         0       0       0       0       0       0       0       0       0
      Locals:         3       0       0       0       0       0       0       0       0
      Temps:          0       0       0       0       0       0       0       0       0
      Totals:         3       0       0       0       0       0       0       0       0
Total ram usage:        3 bytes
 Hardware stack levels used:    1
 Hardware stack levels required when called:    1
 This function calls:
		i2_Lcd_Port
 This function is called by:
		i2_Lcd_Write_String
 This function uses a non-reentrant model


 *************** function i2_Lcd_Set_Cursor *****************
 Defined at:
		line 40 in file "lcd.c"
 Parameters:    Size  Location     Type
  a               1    wreg     unsigned char 
  b               1    3[COMRAM] unsigned char 
 Auto vars:     Size  Location     Type
  a               1    4[COMRAM] unsigned char 
  Lcd_Set_Curs    1    7[COMRAM] unsigned char 
  Lcd_Set_Curs    1    6[COMRAM] unsigned char 
  Lcd_Set_Curs    1    5[COMRAM] unsigned char 
 Return value:  Size  Location     Type
		None               void
 Registers used:
		wreg, status,2, status,0, cstack
 Tracked objects:
		On entry : 
		On exit  : 
		Unchanged: 
 Data sizes:     COMRAM   BANK0   BANK1   BANK2   BANK3   BANK4   BANK5   BANK6   BANK7
      Params:         1       0       0       0       0       0       0       0       0
      Locals:         4       0       0       0       0       0       0       0       0
      Temps:          0       0       0       0       0       0       0       0       0
      Totals:         5       0       0       0       0       0       0       0       0
Total ram usage:        5 bytes
 Hardware stack levels used:    1
 Hardware stack levels required when called:    2
 This function calls:
		i2_Lcd_Cmd
 This function is called by:
		_TMRO_USART
 This function uses a non-reentrant model


 *************** function i2_Lcd_Clear *****************
 Defined at:
		line 35 in file "lcd.c"
 Parameters:    Size  Location     Type
		None
 Auto vars:     Size  Location     Type
		None
 Return value:  Size  Location     Type
		None               void
 Registers used:
		wreg, status,2, cstack
 Tracked objects:
		On entry : 
		On exit  : 
		Unchanged: 
 Data sizes:     COMRAM   BANK0   BANK1   BANK2   BANK3   BANK4   BANK5   BANK6   BANK7
      Params:         0       0       0       0       0       0       0       0       0
      Locals:         0       0       0       0       0       0       0       0       0
      Temps:          0       0       0       0       0       0       0       0       0
      Totals:         0       0       0       0       0       0       0       0       0
Total ram usage:        0 bytes
 Hardware stack levels used:    1
 Hardware stack levels required when called:    2
 This function calls:
		i2_Lcd_Cmd
 This function is called by:
		_TMRO_USART
 This function uses a non-reentrant model


 *************** function i2_Lcd_Cmd *****************
 Defined at:
		line 27 in file "lcd.c"
 Parameters:    Size  Location     Type
  a               1    wreg     unsigned char 
 Auto vars:     Size  Location     Type
  a               1    2[COMRAM] unsigned char 
 Return value:  Size  Location     Type
		None               void
 Registers used:
		wreg, status,2, cstack
 Tracked objects:
		On entry : 
		On exit  : 
		Unchanged: 
 Data sizes:     COMRAM   BANK0   BANK1   BANK2   BANK3   BANK4   BANK5   BANK6   BANK7
      Params:         0       0       0       0       0       0       0       0       0
      Locals:         1       0       0       0       0       0       0       0       0
      Temps:          1       0       0       0       0       0       0       0       0
      Totals:         2       0       0       0       0       0       0       0       0
Total ram usage:        2 bytes
 Hardware stack levels used:    1
 Hardware stack levels required when called:    1
 This function calls:
		i2_Lcd_Port
 This function is called by:
		i2_Lcd_Clear
		i2_Lcd_Set_Cursor
 This function uses a non-reentrant model


 *************** function i2_Lcd_Port *****************
 Defined at:
		line 6 in file "lcd.c"
 Parameters:    Size  Location     Type
  a               1    wreg     unsigned char 
 Auto vars:     Size  Location     Type
  a               1    0[COMRAM] unsigned char 
 Return value:  Size  Location     Type
		None               void
 Registers used:
		wreg
 Tracked objects:
		On entry : 
		On exit  : 
		Unchanged: 
 Data sizes:     COMRAM   BANK0   BANK1   BANK2   BANK3   BANK4   BANK5   BANK6   BANK7
      Params:         0       0       0       0       0       0       0       0       0
      Locals:         1       0       0       0       0       0       0       0       0
      Temps:          0       0       0       0       0       0       0       0       0
      Totals:         1       0       0       0       0       0       0       0       0
Total ram usage:        1 bytes
 Hardware stack levels used:    1
 This function calls:
		Nothing
 This function is called by:
		i2_Lcd_Cmd
		i2_Lcd_Write_Char
 This function uses a non-reentrant model


 *************** function _ReadUSART *****************
 Defined at:
		line 15 in file "C:\Program Files\Microchip\xc8\v1.33\sources\pic18\plib\USART\uread.c"
 Parameters:    Size  Location     Type
		None
 Auto vars:     Size  Location     Type
  data            1    0[COMRAM] unsigned char 
 Return value:  Size  Location     Type
                  1    wreg      unsigned char 
 Registers used:
		wreg, status,2, status,0
 Tracked objects:
		On entry : 
		On exit  : 
		Unchanged: 
 Data sizes:     COMRAM   BANK0   BANK1   BANK2   BANK3   BANK4   BANK5   BANK6   BANK7
      Params:         0       0       0       0       0       0       0       0       0
      Locals:         1       0       0       0       0       0       0       0       0
      Temps:          0       0       0       0       0       0       0       0       0
      Totals:         1       0       0       0       0       0       0       0       0
Total ram usage:        1 bytes
 Hardware stack levels used:    1
 This function calls:
		Nothing
 This function is called by:
		_TMRO_USART
 This function uses a non-reentrant model



MODULE INFORMATION

Module		Function		Class		Link	Load	Size
C:\Program Files\Microchip\xc8\v1.33\sources\common\ftge.c
		___ftge        		CODE           	1F16	0000	144

C:\Program Files\Microchip\xc8\v1.33\sources\common\ftge.c estimated size: 144

C:\Program Files\Microchip\xc8\v1.33\sources\common\llmod.c
		___llmod       		CODE           	23DE	0000	102

C:\Program Files\Microchip\xc8\v1.33\sources\common\llmod.c estimated size: 102

Bluetooth.c
		_SendBlueToothC		CODE           	2932	0000	22
		_putcBluetoothS		CODE           	230C	0000	106
		_putcBluetoothI		CODE           	1FA6	0000	134
		_clrBufferUSART		CODE           	26F6	0000	56
		_BT_Init       		CODE           	1C10	0000	166

Bluetooth.c estimated size: 484

C:\Program Files\Microchip\xc8\v1.33\sources\pic18\plib\PWM\pw1setdc.c
		_SetDCPWM1     		CODE           	2682	0000	58

C:\Program Files\Microchip\xc8\v1.33\sources\pic18\plib\PWM\pw1setdc.c estimated size: 58

C:\Program Files\Microchip\xc8\v1.33\sources\common\fldivl.c
		__div_to_l_    		CODE           	16C2	0000	310

C:\Program Files\Microchip\xc8\v1.33\sources\common\fldivl.c estimated size: 310

C:\Program Files\Microchip\xc8\v1.33\sources\pic18\plib\PWM\pw1open.c
		_OpenPWM1      		CODE           	296E	0000	18

C:\Program Files\Microchip\xc8\v1.33\sources\pic18\plib\PWM\pw1open.c estimated size: 18

C:\Program Files\Microchip\xc8\v1.33\sources\common\ftmul.c
		___ftmul       		CODE           	12DE	0000	344

C:\Program Files\Microchip\xc8\v1.33\sources\common\ftmul.c estimated size: 344

Retardos.c
		_Pause_seg     		CODE           	258A	0000	72
		_Pause_ms      		CODE           	279E	0000	50

Retardos.c estimated size: 122

C:\Program Files\Microchip\xc8\v1.33\sources\common\lbtoft.c
		___lbtoft      		CODE           	2874	0000	36

C:\Program Files\Microchip\xc8\v1.33\sources\common\lbtoft.c estimated size: 36

C:\Program Files\Microchip\xc8\v1.33\sources\common\awdiv.c
		___awdiv       		CODE           	1CB6	0000	164

C:\Program Files\Microchip\xc8\v1.33\sources\common\awdiv.c estimated size: 164

C:\Program Files\Microchip\xc8\v1.33\sources\common\lldiv.c
		___lldiv       		CODE           	202C	0000	130

C:\Program Files\Microchip\xc8\v1.33\sources\common\lldiv.c estimated size: 130

pwm.c
		_PWM_DutyCycle1		CODE           	212A	0000	124
		_PWM_DutyCycle2		CODE           	20AE	0000	124
		_PWM_init1     		CODE           	28F6	0000	30
		_PWM_init2     		CODE           	28D8	0000	30

pwm.c estimated size: 308

C:\Program Files\Microchip\xc8\v1.33\sources\common\fttol.c
		___fttol       		CODE           	1436	0000	330

C:\Program Files\Microchip\xc8\v1.33\sources\common\fttol.c estimated size: 330

C:\Program Files\Microchip\xc8\v1.33\sources\common\lltoft.c
		___lltoft      		CODE           	2444	0000	92

C:\Program Files\Microchip\xc8\v1.33\sources\common\lltoft.c estimated size: 92

Funciones_Db.c
		_Comando_Tablet		CODE           	1580	0000	322
		_Inicializa_Dri		CODE           	19EC	0000	196

Funciones_Db.c estimated size: 518

C:\Program Files\Microchip\xc8\v1.33\sources\pic18\plib\USART\uopen.c
		_OpenUSART     		CODE           	2376	0000	104

C:\Program Files\Microchip\xc8\v1.33\sources\pic18\plib\USART\uopen.c estimated size: 104

C:\Program Files\Microchip\xc8\v1.33\sources\common\ftadd.c
		___ftadd       		CODE           	105E	0000	640

C:\Program Files\Microchip\xc8\v1.33\sources\common\ftadd.c estimated size: 640

shared
		__stringdata   		MEDIUMCONST    	7F43	0000	187
		__powers_      		MEDIUMCONST    	7F1C	0000	39
		_dpowers       		MEDIUMCONST    	7ECD	0000	40
		i2_Lcd_Write_Ch		CODE           	2766	0000	56
		i2_Lcd_Port    		CODE           	27FC	0000	44
		__npowers_     		MEDIUMCONST    	7EF5	0000	39
		i2_Lcd_Cmd     		CODE           	28B8	0000	32
		i2_Lcd_Clear   		CODE           	29AC	0000	14
		__initializatio		CODE           	2540	0000	68
		i2_Lcd_Set_Curs		CODE           	24F0	0000	80
		i2_Lcd_Write_St		CODE           	2220	0000	122

shared estimated size: 721

C:\Program Files\Microchip\xc8\v1.33\sources\pic18\plib\USART\uwrite.c
		_WriteUSART    		CODE           	295C	0000	18

C:\Program Files\Microchip\xc8\v1.33\sources\pic18\plib\USART\uwrite.c estimated size: 18

UART1.c
		_UART1_Init    		CODE           	2980	0000	16
		_putcTxU1      		CODE           	2990	0000	14
		_putSTRINGU1   		CODE           	1DF2	0000	148

UART1.c estimated size: 178

robot.c
		_main          		CODE           	1D5A	0000	152
		_TMRO_USART    		CODE           	0008	0000	6628

robot.c estimated size: 6780

C:\Program Files\Microchip\xc8\v1.33\sources\common\doprnt.c
		_scale         		CODE           	0940	0000	1144
		_sprintf       		CODE           	001C	0000	2340
		_fround        		CODE           	0DB8	0000	678

C:\Program Files\Microchip\xc8\v1.33\sources\common\doprnt.c estimated size: 4162

C:\Program Files\Microchip\xc8\v1.33\sources\common\ftdivl.c
		__tdiv_to_l_   		CODE           	17F8	0000	256

C:\Program Files\Microchip\xc8\v1.33\sources\common\ftdivl.c estimated size: 256

lcd.c
		_Lcd_Write_Stri		CODE           	21A6	0000	122
		_Lcd_Init      		CODE           	229A	0000	114
		_Lcd_Write_Char		CODE           	272E	0000	56
		_Lcd_Write_Inte		CODE           	26BC	0000	58
		_Lcd_Cmd       		CODE           	2898	0000	32
		_Lcd_Set_Cursor		CODE           	24A0	0000	80
		_Lcd_Clear     		CODE           	299E	0000	14
		_Lcd_Port      		CODE           	27D0	0000	44

lcd.c estimated size: 520

C:\Program Files\Microchip\xc8\v1.33\sources\common\Umul16.c
		___wmul        		CODE           	2828	0000	38

C:\Program Files\Microchip\xc8\v1.33\sources\common\Umul16.c estimated size: 38

C:\Program Files\Microchip\xc8\v1.33\sources\common\ftneg.c
		___ftneg       		CODE           	284E	0000	38

C:\Program Files\Microchip\xc8\v1.33\sources\common\ftneg.c estimated size: 38

C:\Program Files\Microchip\xc8\v1.33\sources\pic18\plib\PWM\pw2setdc.c
		_SetDCPWM2     		CODE           	2648	0000	58

C:\Program Files\Microchip\xc8\v1.33\sources\pic18\plib\PWM\pw2setdc.c estimated size: 58

C:\Program Files\Microchip\xc8\v1.33\sources\pic18\plib\USART\uread.c
		_ReadUSART     		CODE           	2914	0000	30

C:\Program Files\Microchip\xc8\v1.33\sources\pic18\plib\USART\uread.c estimated size: 30

C:\Program Files\Microchip\xc8\v1.33\sources\common\ftsub.c
		___ftsub       		CODE           	25D2	0000	60

C:\Program Files\Microchip\xc8\v1.33\sources\common\ftsub.c estimated size: 60

C:\Program Files\Microchip\xc8\v1.33\sources\common\float.c
		___ftpack      		CODE           	1B68	0000	168

C:\Program Files\Microchip\xc8\v1.33\sources\common\float.c estimated size: 168

C:\Program Files\Microchip\xc8\v1.33\sources\pic18\plib\PWM\pw2open.c
		_OpenPWM2      		CODE           	260E	0000	58

C:\Program Files\Microchip\xc8\v1.33\sources\pic18\plib\PWM\pw2open.c estimated size: 58

cny70.c
		_getCNY70Value 		CODE           	1AB0	0000	184

cny70.c estimated size: 184

C:\Program Files\Microchip\xc8\v1.33\sources\common\awmod.c
		___awmod       		CODE           	1E86	0000	144

C:\Program Files\Microchip\xc8\v1.33\sources\common\awmod.c estimated size: 144

