Microchip MPLAB XC8 Compiler V1.33 ()

Linker command line:

-W-3 --edf=C:\Program Files\Microchip\xc8\v1.33\dat\en_msgs.txt -cs \
  -h+dist/default/production\tesis.X.production.sym \
  --cmf=dist/default/production\tesis.X.production.cmf -z -Q18F4550 \
  -oC:\Users\MCC\AppData\Local\Temp\s6ak.6 \
  -Mdist/default/production/tesis.X.production.map -E1 -ver=XC8 \
  -ASTACK=0180h-07ffh -pstack=STACK -ACODE=00h-07FFFh -ACONST=00h-07FFFh \
  -ASMALLCONST=0800h-08FFhx120 -AMEDIUMCONST=0800h-07FFFh -ACOMRAM=01h-05Fh \
  -AABS1=00h-07FFh -ABIGRAM=01h-07FFh -ARAM=060h-0FFh,0100h-01FFhx7 \
  -ABANK0=060h-0FFh -ABANK1=0100h-01FFh -ABANK2=0200h-02FFh \
  -ABANK3=0300h-03FFh -ABANK4=0400h-04FFh -ABANK5=0500h-05FFh \
  -ABANK6=0600h-06FFh -ABANK7=0700h-07FFh -ASFR=0F60h-0FFFh \
  -preset_vec=00h,intcode=08h,intcodelo,powerup,init,end_init \
  -pramtop=0800h -psmallconst=SMALLCONST -pmediumconst=MEDIUMCONST \
  -pconst=CONST -AFARRAM=00h-00h -ACONFIG=0300000h-030000Dh -pconfig=CONFIG \
  -AIDLOC=0200000h-0200007h -pidloc=IDLOC -AEEDATA=0F00000h-0F000FFh \
  -peeprom_data=EEDATA \
  -prdata=COMRAM,nvrram=COMRAM,nvbit=COMRAM,rbss=COMRAM,rbit=COMRAM \
  -pfarbss=FARRAM,fardata=FARRAM,nvFARRAM=FARRAM \
  -pintsave_regs=BIGRAM,bigbss=BIGRAM,bigdata=BIGRAM -pbss=RAM \
  -pidata=CODE,irdata=CODE,ibigdata=CODE,ifardata=CODE \
  C:\Users\MCC\AppData\Local\Temp\s6ak.obj \
  dist/default/production\tesis.X.production.obj 

Object code version is 3.11

Machine type is 18F4550

Call graph: (short form)




                Name                               Link     Load   Length Selector   Space Scale
C:\Users\MCC\AppData\Local\Temp\s6ak.obj
                end_init                             18       18        4        4       0
                reset_vec                             0        0        4        0       0
                idloc                            200000   200000        8   200000       0
                config                           300000   300000        E   300000       0
dist/default/production\tesis.X.production.obj
                intcode                               8        8       10        4       0
                mediumconst                        7E9C     7E9C      164     3F4E       0
                text67                             3464     3464       1E        4       0
                text66                             3382     3382       2C        4       0
                text65                             3444     3444       20        4       0
                text64                             3526     3526        E        4       0
                text63                             2F98     2F98       50        4       0
                text62                             327A     327A       38        4       0
                text61                             2C94     2C94       7A        4       0
                text60                             3240     3240       3A        4       0
                text59                             27AC     27AC       A8        4       0
                text58                             1FA4     1FA4       E4        4       0
                text57                             2312     2312       D4        4       0
                text56                             3420     3420       24        4       0
                text55                             2E66     2E66       6A        4       0
                text54                             3206     3206       3A        4       0
                text53                             2DFC     2DFC       6A        4       0
                intcode_body                       181E     181E      182        4       0
                text51                             32E8     32E8       36        4       0
                text50                             33FA     33FA       26        4       0
                text49                             3518     3518        E        4       0
                text48                             2D86     2D86       76        4       0
                text47                             30BE     30BE       46        4       0
                text46                             28F8     28F8       98        4       0
                text45                             223E     223E       D4        4       0
                text44                             3350     3350       32        4       0
                text43                             1DAA     1DAA      10A        4       0
                text42                             122A     122A      280        4       0
                text41                             31CA     31CA       3C        4       0
                text40                             1C60     1C60      14A        4       0
                text39                             216A     216A       D4        4       0
                text38                             2854     2854       A4        4       0
                text37                             2B1E     2B1E       7E        4       0
                text36                             14AA     14AA      1DE        4       0
                text35                             1688     1688      196        4       0
                text34                             2088     2088       E2        4       0
                text33                             257A     257A       C4        4       0
                text32                             19A0     19A0      164        4       0
                text31                             32B2     32B2       36        4       0
                text30                              F16      F16      314        4       0
                text29                              99A      99A      57C        4       0
                text28                               1C       1C      97E        4       0
                text27                             318C     318C       3E        4       0
                text26                             3030     3030       48        4       0
                text25                             331E     331E       32        4       0
                text24                             2C18     2C18       7C        4       0
                text23                             2FE8     2FE8       48        4       0
                text22                             2B9C     2B9C       7C        4       0
                text21                             3148     3148       44        4       0
                text20                             24B4     24B4       C6        4       0
                text19                             2A9E     2A9E       80        4       0
                text18                             34B6     34B6       16        4       0
                text17                             34E0     34E0       14        4       0
                text16                             2A18     2A18       86        4       0
                text15                             2990     2990       88        4       0
                text14                             1B04     1B04      15C        4       0
                text13                             3078     3078       46        4       0
                text12                             2F34     2F34       64        4       0
                text11                             3506     3506       12        4       0
                text10                             263E     263E       BE        4       0
                text9                              349C     349C       1A        4       0
                text8                              23E6     23E6       CE        4       0
                text7                              34CC     34CC       14        4       0
                text6                              33D4     33D4       26        4       0
                text5                              3104     3104       44        4       0
                text4                              33AE     33AE       26        4       0
                text3                              3482     3482       1A        4       0
                text2                              1EB4     1EB4       F0        4       0
                text1                              2D0E     2D0E       78        4       0
                text0                              26FC     26FC       B0        4       0
                cstackCOMRAM                          1        1       41        1       1
                cstackBANK0                          60       60       89       60       1
                dataBANK1                           16E      16E       12      100       1
                bssBANK1                            100      100       6E      100       1
                bssBANK0                             E9       E9        6       60       1
                dataCOMRAM                           5E       5E        2        1       1
                bssCOMRAM                            42       42       1C        1       1
                cinit                              2ED0     2ED0       64        4       0
                idataBANK1                         34F4     34F4       12        4       0
                idataCOMRAM                        3534     3534        2        4       0

TOTAL           Name                               Link     Load   Length     Space
        CLASS   STACK          

        CLASS   CODE           
                end_init                             18       18        4         0
                intcode                               8        8       10         0
                reset_vec                             0        0        4         0
                text67                             3464     3464       1E         0
                text66                             3382     3382       2C         0
                text65                             3444     3444       20         0
                text64                             3526     3526        E         0
                text63                             2F98     2F98       50         0
                text62                             327A     327A       38         0
                text61                             2C94     2C94       7A         0
                text60                             3240     3240       3A         0
                text59                             27AC     27AC       A8         0
                text58                             1FA4     1FA4       E4         0
                text57                             2312     2312       D4         0
                text56                             3420     3420       24         0
                text55                             2E66     2E66       6A         0
                text54                             3206     3206       3A         0
                text53                             2DFC     2DFC       6A         0
                intcode_body                       181E     181E      182         0
                text51                             32E8     32E8       36         0
                text50                             33FA     33FA       26         0
                text49                             3518     3518        E         0
                text48                             2D86     2D86       76         0
                text47                             30BE     30BE       46         0
                text46                             28F8     28F8       98         0
                text45                             223E     223E       D4         0
                text44                             3350     3350       32         0
                text43                             1DAA     1DAA      10A         0
                text42                             122A     122A      280         0
                text41                             31CA     31CA       3C         0
                text40                             1C60     1C60      14A         0
                text39                             216A     216A       D4         0
                text38                             2854     2854       A4         0
                text37                             2B1E     2B1E       7E         0
                text36                             14AA     14AA      1DE         0
                text35                             1688     1688      196         0
                text34                             2088     2088       E2         0
                text33                             257A     257A       C4         0
                text32                             19A0     19A0      164         0
                text31                             32B2     32B2       36         0
                text30                              F16      F16      314         0
                text29                              99A      99A      57C         0
                text28                               1C       1C      97E         0
                text27                             318C     318C       3E         0
                text26                             3030     3030       48         0
                text25                             331E     331E       32         0
                text24                             2C18     2C18       7C         0
                text23                             2FE8     2FE8       48         0
                text22                             2B9C     2B9C       7C         0
                text21                             3148     3148       44         0
                text20                             24B4     24B4       C6         0
                text19                             2A9E     2A9E       80         0
                text18                             34B6     34B6       16         0
                text17                             34E0     34E0       14         0
                text16                             2A18     2A18       86         0
                text15                             2990     2990       88         0
                text14                             1B04     1B04      15C         0
                text13                             3078     3078       46         0
                text12                             2F34     2F34       64         0
                text11                             3506     3506       12         0
                text10                             263E     263E       BE         0
                text9                              349C     349C       1A         0
                text8                              23E6     23E6       CE         0
                text7                              34CC     34CC       14         0
                text6                              33D4     33D4       26         0
                text5                              3104     3104       44         0
                text4                              33AE     33AE       26         0
                text3                              3482     3482       1A         0
                text2                              1EB4     1EB4       F0         0
                text1                              2D0E     2D0E       78         0
                text0                              26FC     26FC       B0         0
                cinit                              2ED0     2ED0       64         0
                idataBANK1                         34F4     34F4       12         0
                idataCOMRAM                        3534     3534        2         0

        CLASS   CONST          

        CLASS   SMALLCONST     

        CLASS   MEDIUMCONST    
                mediumconst                        7E9C     7E9C      164         0

        CLASS   COMRAM         
                cstackCOMRAM                          1        1       41         1
                dataCOMRAM                           5E       5E        2         1
                bssCOMRAM                            42       42       1C         1

        CLASS   ABS1           

        CLASS   BIGRAM         

        CLASS   RAM            

        CLASS   BANK0          
                cstackBANK0                          60       60       89         1
                bssBANK0                             E9       E9        6         1

        CLASS   BANK1          
                dataBANK1                           16E      16E       12         1
                bssBANK1                            100      100       6E         1

        CLASS   BANK2          

        CLASS   BANK3          

        CLASS   BANK4          

        CLASS   BANK5          

        CLASS   BANK6          

        CLASS   BANK7          

        CLASS   SFR            

        CLASS   FARRAM         

        CLASS   CONFIG         
                config                           300000   300000        E         0

        CLASS   IDLOC          
                idloc                            200000   200000        8         0

        CLASS   EEDATA         



SEGMENTS        Name                           Load    Length   Top    Selector   Space  Class

                reset_vec                      000000  000004  000004         0       0  CODE    
                cstackCOMRAM                   000001  00005F  000060         1       1  COMRAM  
                intcode                        000008  00352E  003536         4       0  CODE    
                cstackBANK0                    000060  00008F  0000EF        60       1  BANK0   
                bssBANK1                       000100  000080  000180       100       1  BANK1   
                mediumconst                    007E9C  000164  008000      3F4E       0  MEDIUMCO
                idloc                          200000  000008  200008    200000       0  IDLOC   
                config                         300000  00000E  30000E    300000       0  CONFIG  


UNUSED ADDRESS RANGES

        Name                Unused          Largest block    Delta
        BANK0            0000EF-0000FF               11
        BANK1            000180-0001FF               80
        BANK2            000200-0002FF              100
        BANK3            000300-0003FF              100
        BANK4            000400-0004FF              100
        BANK5            000500-0005FF              100
        BANK6            000600-0006FF              100
        BANK7            000700-0007FF              100
        BIGRAM           0000EF-0000FF               11
                         000180-0007FF              680
        CODE             000004-000007                4
                         003536-007E9B             4966
        CONST            000004-000007                4
                         003536-007E9B             4966
        EEDATA           F00000-F000FF              100
        MEDIUMCONST      003536-007E9B             4966
        RAM              0000EF-0000FF               11
                         000180-0007FF              100
        SFR              000F60-000FFF               A0
        SMALLCONST       003536-007E9B              100
        STACK            000180-0007FF              680

                                  Symbol Table

?___awdiv                         cstackBANK0  000066
?___awmod                         cstackBANK0  000060
?___ftadd                         cstackBANK0  00008D
?___ftmul                         cstackBANK0  000074
?___ftneg                         cstackBANK0  000060
?___ftpack                        cstackBANK0  000060
?___ftsub                         cstackBANK0  000099
?___fttol                         cstackBANK0  00008A
?___lbtoft                        cstackBANK0  000068
?___lldiv                         cstackBANK0  000060
?___llmod                         cstackBANK0  00006D
?___lltoft                        cstackBANK0  000068
?___wmul                          cstackBANK0  00006E
?__div_to_l_                      cstackBANK0  000060
?__tdiv_to_l_                     cstackBANK0  000060
?_fround                          cstackBANK0  000083
?_getCNY70Value                   cstackBANK0  000060
?_scale                           cstackBANK0  000083
?_sprintf                         cstackBANK0  00009F
?i2___ftmul                       cstackCOMRAM 00000D
?i2___ftpack                      cstackCOMRAM 000001
?i2___fttol                       cstackCOMRAM 00001C
?i2___lbtoft                      cstackCOMRAM 000009
BT_Init@F5671                     dataBANK1    00016E
BT_Init@nameBT                    cstackBANK0  00006E
Comando_Tablet@sensed             cstackBANK0  0000E7
Inicializa_Driveby@i              cstackBANK0  000081
Lcd_Cmd@a                         cstackBANK0  000062
Lcd_Port@a                        cstackBANK0  000060
Lcd_Set_Cursor@a                  cstackBANK0  000064
Lcd_Set_Cursor@b                  cstackBANK0  000063
Lcd_Set_Cursor@temp               cstackBANK0  000067
Lcd_Set_Cursor@y                  cstackBANK0  000066
Lcd_Set_Cursor@z                  cstackBANK0  000065
Lcd_Write_Char@a                  cstackBANK0  000063
Lcd_Write_Char@temp               cstackBANK0  000061
Lcd_Write_Char@y                  cstackBANK0  000062
Lcd_Write_Integer@a               cstackBANK0  0000CF
Lcd_Write_Integer@s               cstackBANK0  0000D1
Lcd_Write_String@a                cstackBANK0  000064
Lcd_Write_String@i                cstackBANK0  000068
OpenPWM1@period                   cstackBANK0  000060
OpenPWM2@ccp2mx                   cstackBANK0  000062
OpenPWM2@period                   cstackBANK0  000061
OpenUSART@config                  cstackBANK0  000065
OpenUSART@spbrg                   cstackBANK0  000060
PWM_DutyCycle1@DC                 cstackBANK0  0000A0
PWM_DutyCycle1@DutyCycle          cstackBANK0  00009D
PWM_DutyCycle1@percentageDuty     cstackBANK0  00009F
PWM_DutyCycle2@DC                 cstackBANK0  0000A0
PWM_DutyCycle2@DutyCycle          cstackBANK0  00009D
PWM_DutyCycle2@percentageDuty     cstackBANK0  00009F
PWM_init1@period                  cstackBANK0  000061
PWM_init2@period                  cstackBANK0  000063
Pause_ms@i                        cstackBANK0  000063
Pause_ms@x                        cstackBANK0  000060
Pause_seg@i                       cstackBANK0  000066
Pause_seg@x                       cstackBANK0  000065
ReadUSART@data                    cstackCOMRAM 000001
SendBlueToothCommand@command      cstackBANK0  00006A
SendBlueToothCommand@total        cstackBANK0  00006C
SetDCPWM1@DCycle                  cstackBANK0  000064
SetDCPWM1@dutycycle               cstackBANK0  000060
SetDCPWM2@DCycle                  cstackBANK0  000064
SetDCPWM2@dutycycle               cstackBANK0  000060
UART1_Init@bdr                    cstackBANK0  000066
WriteUSART@data                   cstackBANK0  000060
_ADCON1bits                       (abs)        000FC1
_BT_Init                          text8        0023E6
_BluetoothDato                    bssBANK1     000128
_CCP1CON                          (abs)        000FBD
_CCP2CON                          (abs)        000FBA
_CCPR1L                           (abs)        000FBE
_CCPR2L                           (abs)        000FBB
_CheckSum                         bssCOMRAM    00004A
_ComanBFlag                       bssCOMRAM    00004B
_ComanTFlag                       bssCOMRAM    00004C
_Comando                          bssCOMRAM    00004D
_ComandoTablet                    bssCOMRAM    00004E
_Comando_Tablet                   text14       001B04
_DutyCycle                        bssBANK0     0000E9
_EntTrama                         bssCOMRAM    00004F
_FinComandB                       bssBANK0     0000EB
_FinComandT                       bssBANK0     0000EC
_INTCON                           (abs)        000FF2
_INTCON2bits                      (abs)        000FF1
_INTCON3bits                      (abs)        000FF0
_INTCONbits                       (abs)        000FF2
_Inicializa_Driveby               text2        001EB4
_InicioComando                    bssCOMRAM    000050
_Lcd_Clear                        text49       003518
_Lcd_Cmd                          text50       0033FA
_Lcd_Init                         text1        002D0E
_Lcd_Port                         text51       0032E8
_Lcd_Set_Cursor                   text48       002D86
_Lcd_Write_Char                   text47       0030BE
_Lcd_Write_Integer                text27       00318C
_Lcd_Write_String                 text46       0028F8
_Med_lsb                          bssCOMRAM    000042
_Med_msb                          bssCOMRAM    000044
_OSCCONbits                       (abs)        000FD3
_OpenPWM1                         text7        0034CC
_OpenPWM2                         text5        003104
_OpenUSART                        text19       002A9E
_PIE1                             (abs)        000F9D
_PIE1bits                         (abs)        000F9D
_PIR1bits                         (abs)        000F9E
_PORTA                            (abs)        000F80
_PORTAbits                        (abs)        000F80
_PORTB                            (abs)        000F81
_PORTBbits                        (abs)        000F81
_PORTDbits                        (abs)        000F83
_PORTE                            (abs)        000F84
_PORTEbits                        (abs)        000F84
_PR2                              (abs)        000FCB
_PWM_DutyCycle1                   text24       002C18
_PWM_DutyCycle2                   text22       002B9C
_PWM_init1                        text6        0033D4
_PWM_init2                        text4        0033AE
_Pause_ms                         text13       003078
_Pause_seg                        text12       002F34
_RCREG                            (abs)        000FAE
_RCSTA                            (abs)        000FAB
_RCSTAbits                        (abs)        000FAB
_RXComandoTB                      bssCOMRAM    000051
_ReadUSART                        text67       003464
_SBUSART                          bssCOMRAM    000052
_SPBRG                            (abs)        000FAF
_SPBRGH                           (abs)        000FB0
_SendBlueToothCommand             text9        00349C
_SetDCPWM1                        text26       003030
_SetDCPWM2                        text23       002FE8
_T2CON                            (abs)        000FCA
_T2CONbits                        (abs)        000FCA
_TMR2                             (abs)        000FCC
_TMRO_USART                       intcode      000008
_TRISA                            (abs)        000F92
_TRISB                            (abs)        000F93
_TRISBbits                        (abs)        000F93
_TRISC                            (abs)        000F94
_TRISCbits                        (abs)        000F94
_TRISD                            (abs)        000F95
_TRISE                            (abs)        000F96
_TXREG                            (abs)        000FAD
_TXSTA                            (abs)        000FAC
_TXSTAbits                        (abs)        000FAC
_TamanhoTrama                     bssCOMRAM    000046
_Timer1                           bssCOMRAM    000053
_Timer2Config                     bssBANK0     0000EE
_TramaTablet                      bssBANK1     000100
_UART1_Init                       text18       0034B6
_USART_Status                     bssCOMRAM    000054
_WriteUSART                       text17       0034E0
__CFG_BOR$OFF                     (abs)        000000
__CFG_BORV$3                      (abs)        000000
__CFG_CCP2MX$ON                   (abs)        000000
__CFG_CP0$OFF                     (abs)        000000
__CFG_CP1$OFF                     (abs)        000000
__CFG_CP2$OFF                     (abs)        000000
__CFG_CP3$OFF                     (abs)        000000
__CFG_CPB$OFF                     (abs)        000000
__CFG_CPD$OFF                     (abs)        000000
__CFG_CPUDIV$OSC1_PLL2            (abs)        000000
__CFG_DEBUG$OFF                   (abs)        000000
__CFG_EBTR0$OFF                   (abs)        000000
__CFG_EBTR1$OFF                   (abs)        000000
__CFG_EBTR2$OFF                   (abs)        000000
__CFG_EBTR3$OFF                   (abs)        000000
__CFG_EBTRB$OFF                   (abs)        000000
__CFG_FCMEN$OFF                   (abs)        000000
__CFG_FOSC$INTOSCIO_EC            (abs)        000000
__CFG_ICPRT$OFF                   (abs)        000000
__CFG_IESO$OFF                    (abs)        000000
__CFG_LPT1OSC$OFF                 (abs)        000000
__CFG_LVP$OFF                     (abs)        000000
__CFG_MCLRE$ON                    (abs)        000000
__CFG_PBADEN$OFF                  (abs)        000000
__CFG_PLLDIV$1                    (abs)        000000
__CFG_PWRT$OFF                    (abs)        000000
__CFG_STVREN$ON                   (abs)        000000
__CFG_USBDIV$2                    (abs)        000000
__CFG_VREGEN$OFF                  (abs)        000000
__CFG_WDT$OFF                     (abs)        000000
__CFG_WDTPS$32768                 (abs)        000000
__CFG_WRT0$OFF                    (abs)        000000
__CFG_WRT1$OFF                    (abs)        000000
__CFG_WRT2$OFF                    (abs)        000000
__CFG_WRT3$OFF                    (abs)        000000
__CFG_WRTB$OFF                    (abs)        000000
__CFG_WRTC$OFF                    (abs)        000000
__CFG_WRTD$OFF                    (abs)        000000
__CFG_XINST$OFF                   (abs)        000000
__HRAM                            (abs)        000000
__Habs1                           abs1         000000
__Hbank0                          bank0        000000
__Hbank1                          bank1        000000
__Hbank2                          bank2        000000
__Hbank3                          bank3        000000
__Hbank4                          bank4        000000
__Hbank5                          bank5        000000
__Hbank6                          bank6        000000
__Hbank7                          bank7        000000
__Hbigbss                         bigbss       000000
__Hbigdata                        bigdata      000000
__Hbigram                         bigram       000000
__Hbss                            bss          000000
__HbssBANK0                       bssBANK0     000000
__HbssBANK1                       bssBANK1     000000
__HbssCOMRAM                      bssCOMRAM    000000
__Hcinit                          cinit        000000
__Hclrtext                        clrtext      000000
__Hcomram                         comram       000000
__Hconfig                         config       30000E
__Hconst                          const        000000
__HcstackBANK0                    cstackBANK0  000000
__HcstackCOMRAM                   cstackCOMRAM 000000
__Hdata                           data         000000
__HdataBANK1                      dataBANK1    000000
__HdataCOMRAM                     dataCOMRAM   000000
__Heeprom_data                    eeprom_data  000000
__Hend_init                       end_init     00001C
__Hfarbss                         farbss       000000
__Hfardata                        fardata      000000
__Hibigdata                       ibigdata     000000
__Hidata                          idata        000000
__HidataBANK1                     idataBANK1   000000
__HidataCOMRAM                    idataCOMRAM  000000
__Hidloc                          idloc        200008
__Hifardata                       ifardata     000000
__Hinit                           init         000018
__Hintcode                        intcode      000018
__Hintcode_body                   intcode_body 000000
__Hintcodelo                      intcodelo    000018
__Hintentry                       intentry     000000
__Hintret                         intret       000000
__Hintsave_regs                   intsave_regs 000000
__Hirdata                         irdata       000000
__Hmediumconst                    mediumconst  008000
__HnvFARRAM                       nvFARRAM     000000
__Hnvbit                          nvbit        000000
__Hnvrram                         nvrram       000000
__Hparam                          rparam       000000
__Hpowerup                        powerup      000018
__Hram                            ram          000000
__Hramtop                         ramtop       000800
__Hrbit                           rbit         000000
__Hrbss                           rbss         000000
__Hrdata                          rdata        000000
__Hreset_vec                      reset_vec    000004
__Hrparam                         rparam       000000
__Hsfr                            sfr          000000
__Hsmallconst                     smallconst   000000
__Hspace_0                        (abs)        30000E
__Hspace_1                        (abs)        000180
__Hspace_2                        (abs)        000000
__Hstack                          stack        000000
__Hstruct                         struct       000000
__Htemp                           temp         000000
__Htext                           text         000000
__Htext0                          text0        000000
__Htext1                          text1        000000
__Htext10                         text10       000000
__Htext11                         text11       000000
__Htext12                         text12       000000
__Htext13                         text13       000000
__Htext14                         text14       000000
__Htext15                         text15       000000
__Htext16                         text16       000000
__Htext17                         text17       000000
__Htext18                         text18       000000
__Htext19                         text19       000000
__Htext2                          text2        000000
__Htext20                         text20       000000
__Htext21                         text21       000000
__Htext22                         text22       000000
__Htext23                         text23       000000
__Htext24                         text24       000000
__Htext25                         text25       000000
__Htext26                         text26       000000
__Htext27                         text27       000000
__Htext28                         text28       000000
__Htext29                         text29       000000
__Htext3                          text3        000000
__Htext30                         text30       000000
__Htext31                         text31       000000
__Htext32                         text32       000000
__Htext33                         text33       000000
__Htext34                         text34       000000
__Htext35                         text35       000000
__Htext36                         text36       000000
__Htext37                         text37       000000
__Htext38                         text38       000000
__Htext39                         text39       000000
__Htext4                          text4        000000
__Htext40                         text40       000000
__Htext41                         text41       000000
__Htext42                         text42       000000
__Htext43                         text43       000000
__Htext44                         text44       000000
__Htext45                         text45       000000
__Htext46                         text46       000000
__Htext47                         text47       000000
__Htext48                         text48       000000
__Htext49                         text49       000000
__Htext5                          text5        000000
__Htext50                         text50       000000
__Htext51                         text51       000000
__Htext53                         text53       000000
__Htext54                         text54       000000
__Htext55                         text55       000000
__Htext56                         text56       000000
__Htext57                         text57       000000
__Htext58                         text58       000000
__Htext59                         text59       000000
__Htext6                          text6        000000
__Htext60                         text60       000000
__Htext61                         text61       000000
__Htext62                         text62       000000
__Htext63                         text63       000000
__Htext64                         text64       000000
__Htext65                         text65       000000
__Htext66                         text66       000000
__Htext67                         text67       000000
__Htext7                          text7        000000
__Htext8                          text8        000000
__Htext9                          text9        000000
__LRAM                            (abs)        000001
__Labs1                           abs1         000000
__Lbank0                          bank0        000000
__Lbank1                          bank1        000000
__Lbank2                          bank2        000000
__Lbank3                          bank3        000000
__Lbank4                          bank4        000000
__Lbank5                          bank5        000000
__Lbank6                          bank6        000000
__Lbank7                          bank7        000000
__Lbigbss                         bigbss       000000
__Lbigdata                        bigdata      000000
__Lbigram                         bigram       000000
__Lbss                            bss          000000
__LbssBANK0                       bssBANK0     000000
__LbssBANK1                       bssBANK1     000000
__LbssCOMRAM                      bssCOMRAM    000000
__Lcinit                          cinit        000000
__Lclrtext                        clrtext      000000
__Lcomram                         comram       000000
__Lconfig                         config       300000
__Lconst                          const        000000
__LcstackBANK0                    cstackBANK0  000000
__LcstackCOMRAM                   cstackCOMRAM 000000
__Ldata                           data         000000
__LdataBANK1                      dataBANK1    000000
__LdataCOMRAM                     dataCOMRAM   000000
__Leeprom_data                    eeprom_data  000000
__Lend_init                       end_init     000018
__Lfarbss                         farbss       000000
__Lfardata                        fardata      000000
__Libigdata                       ibigdata     000000
__Lidata                          idata        000000
__LidataBANK1                     idataBANK1   000000
__LidataCOMRAM                    idataCOMRAM  000000
__Lidloc                          idloc        200000
__Lifardata                       ifardata     000000
__Linit                           init         000018
__Lintcode                        intcode      000008
__Lintcode_body                   intcode_body 000000
__Lintcodelo                      intcodelo    000018
__Lintentry                       intentry     000000
__Lintret                         intret       000000
__Lintsave_regs                   intsave_regs 000000
__Lirdata                         irdata       000000
__Lmediumconst                    mediumconst  007E9C
__LnvFARRAM                       nvFARRAM     000000
__Lnvbit                          nvbit        000000
__Lnvrram                         nvrram       000000
__Lparam                          rparam       000000
__Lpowerup                        powerup      000018
__Lram                            ram          000000
__Lramtop                         ramtop       000800
__Lrbit                           rbit         000000
__Lrbss                           rbss         000000
__Lrdata                          rdata        000000
__Lreset_vec                      reset_vec    000000
__Lrparam                         rparam       000000
__Lsfr                            sfr          000000
__Lsmallconst                     smallconst   000000
__Lspace_0                        (abs)        000000
__Lspace_1                        (abs)        000000
__Lspace_2                        (abs)        000000
__Lstack                          stack        000000
__Lstruct                         struct       000000
__Ltemp                           temp         000000
__Ltext                           text         000000
__Ltext0                          text0        000000
__Ltext1                          text1        000000
__Ltext10                         text10       000000
__Ltext11                         text11       000000
__Ltext12                         text12       000000
__Ltext13                         text13       000000
__Ltext14                         text14       000000
__Ltext15                         text15       000000
__Ltext16                         text16       000000
__Ltext17                         text17       000000
__Ltext18                         text18       000000
__Ltext19                         text19       000000
__Ltext2                          text2        000000
__Ltext20                         text20       000000
__Ltext21                         text21       000000
__Ltext22                         text22       000000
__Ltext23                         text23       000000
__Ltext24                         text24       000000
__Ltext25                         text25       000000
__Ltext26                         text26       000000
__Ltext27                         text27       000000
__Ltext28                         text28       000000
__Ltext29                         text29       000000
__Ltext3                          text3        000000
__Ltext30                         text30       000000
__Ltext31                         text31       000000
__Ltext32                         text32       000000
__Ltext33                         text33       000000
__Ltext34                         text34       000000
__Ltext35                         text35       000000
__Ltext36                         text36       000000
__Ltext37                         text37       000000
__Ltext38                         text38       000000
__Ltext39                         text39       000000
__Ltext4                          text4        000000
__Ltext40                         text40       000000
__Ltext41                         text41       000000
__Ltext42                         text42       000000
__Ltext43                         text43       000000
__Ltext44                         text44       000000
__Ltext45                         text45       000000
__Ltext46                         text46       000000
__Ltext47                         text47       000000
__Ltext48                         text48       000000
__Ltext49                         text49       000000
__Ltext5                          text5        000000
__Ltext50                         text50       000000
__Ltext51                         text51       000000
__Ltext53                         text53       000000
__Ltext54                         text54       000000
__Ltext55                         text55       000000
__Ltext56                         text56       000000
__Ltext57                         text57       000000
__Ltext58                         text58       000000
__Ltext59                         text59       000000
__Ltext6                          text6        000000
__Ltext60                         text60       000000
__Ltext61                         text61       000000
__Ltext62                         text62       000000
__Ltext63                         text63       000000
__Ltext64                         text64       000000
__Ltext65                         text65       000000
__Ltext66                         text66       000000
__Ltext67                         text67       000000
__Ltext7                          text7        000000
__Ltext8                          text8        000000
__Ltext9                          text9        000000
__S0                              (abs)        30000E
__S1                              (abs)        000180
__S2                              (abs)        000000
___awdiv                          text34       002088
___awdiv@counter                  cstackBANK0  00006A
___awdiv@dividend                 cstackBANK0  000066
___awdiv@divisor                  cstackBANK0  000068
___awdiv@quotient                 cstackBANK0  00006C
___awdiv@sign                     cstackBANK0  00006B
___awmod                          text33       00257A
___awmod@counter                  cstackBANK0  000064
___awmod@dividend                 cstackBANK0  000060
___awmod@divisor                  cstackBANK0  000062
___awmod@sign                     cstackBANK0  000065
___ftadd                          text42       00122A
___ftadd@exp1                     cstackBANK0  000098
___ftadd@exp2                     cstackBANK0  000097
___ftadd@f1                       cstackBANK0  00008D
___ftadd@f2                       cstackBANK0  000090
___ftadd@sign                     cstackBANK0  000096
___ftge                           text45       00223E
___ftge@ff1                       cstackBANK0  000060
___ftge@ff2                       cstackBANK0  000063
___ftmul                          text32       0019A0
___ftmul@cntr                     cstackBANK0  000081
___ftmul@exp                      cstackBANK0  00007D
___ftmul@f1                       cstackBANK0  000074
___ftmul@f2                       cstackBANK0  000077
___ftmul@f3_as_product            cstackBANK0  00007E
___ftmul@sign                     cstackBANK0  000082
___ftneg                          text44       003350
___ftneg@f1                       cstackBANK0  000060
___ftpack                         text43       001DAA
___ftpack@arg                     cstackBANK0  000060
___ftpack@exp                     cstackBANK0  000063
___ftpack@sign                    cstackBANK0  000064
___ftsub                          text41       0031CA
___ftsub@f1                       cstackBANK0  000099
___ftsub@f2                       cstackBANK0  00009C
___fttol                          text40       001C60
___fttol@exp1                     cstackBANK0  000098
___fttol@f1                       cstackBANK0  00008A
___fttol@lval                     cstackBANK0  000094
___fttol@sign1                    cstackBANK0  000093
___inthi_sp                       stack        000000
___intlo_sp                       stack        000000
___lbtoft                         text25       00331E
___lbtoft@c                       cstackBANK0  00006B
___lldiv                          text39       00216A
___lldiv@counter                  cstackBANK0  00006C
___lldiv@dividend                 cstackBANK0  000060
___lldiv@divisor                  cstackBANK0  000064
___lldiv@quotient                 cstackBANK0  000068
___llmod                          text38       002854
___llmod@counter                  cstackBANK0  000075
___llmod@dividend                 cstackBANK0  00006D
___llmod@divisor                  cstackBANK0  000071
___lltoft                         text37       002B1E
___lltoft@c                       cstackBANK0  000068
___lltoft@exp                     cstackBANK0  000070
___sp                             stack        000000
___wmul                           text31       0032B2
___wmul@multiplicand              cstackBANK0  000070
___wmul@multiplier                cstackBANK0  00006E
___wmul@product                   cstackBANK0  000072
__accesstop                       (abs)        000060
__activetblptr                    (abs)        000003
__div_to_l_                       text36       0014AA
__div_to_l_@cntr                  cstackBANK0  00006E
__div_to_l_@exp1                  cstackBANK0  00006F
__div_to_l_@f1                    cstackBANK0  000060
__div_to_l_@f2                    cstackBANK0  000063
__div_to_l_@quot                  cstackBANK0  00006A
__end_of_BT_Init                  text8        0024B4
__end_of_Comando_Tablet           text14       001C60
__end_of_Inicializa_Driveby       text2        001FA4
__end_of_Lcd_Clear                text49       003526
__end_of_Lcd_Cmd                  text50       003420
__end_of_Lcd_Init                 text1        002D86
__end_of_Lcd_Port                 text51       00331E
__end_of_Lcd_Set_Cursor           text48       002DFC
__end_of_Lcd_Write_Char           text47       003104
__end_of_Lcd_Write_Integer        text27       0031CA
__end_of_Lcd_Write_String         text46       002990
__end_of_OpenPWM1                 text7        0034E0
__end_of_OpenPWM2                 text5        003148
__end_of_OpenUSART                text19       002B1E
__end_of_PWM_DutyCycle1           text24       002C94
__end_of_PWM_DutyCycle2           text22       002C18
__end_of_PWM_init1                text6        0033FA
__end_of_PWM_init2                text4        0033D4
__end_of_Pause_ms                 text13       0030BE
__end_of_Pause_seg                text12       002F98
__end_of_ReadUSART                text67       003482
__end_of_SendBlueToothCommand     text9        0034B6
__end_of_SetDCPWM1                text26       003078
__end_of_SetDCPWM2                text23       003030
__end_of_TMRO_USART               intcode_body 0019A0
__end_of_UART1_Init               text18       0034CC
__end_of_WriteUSART               text17       0034F4
__end_of___awdiv                  text34       00216A
__end_of___awmod                  text33       00263E
__end_of___ftadd                  text42       0014AA
__end_of___ftge                   text45       002312
__end_of___ftmul                  text32       001B04
__end_of___ftneg                  text44       003382
__end_of___ftpack                 text43       001EB4
__end_of___ftsub                  text41       003206
__end_of___fttol                  text40       001DAA
__end_of___lbtoft                 text25       003350
__end_of___lldiv                  text39       00223E
__end_of___llmod                  text38       0028F8
__end_of___lltoft                 text37       002B9C
__end_of___wmul                   text31       0032E8
__end_of__div_to_l_               text36       001688
__end_of__initialization          cinit        002F2E
__end_of__npowers_                mediumconst  007EEC
__end_of__powers_                 mediumconst  007F13
__end_of__stringdata              mediumconst  007FFF
__end_of__tdiv_to_l_              text35       00181E
__end_of_clrBufferUSART           text21       00318C
__end_of_dpowers                  mediumconst  007EC5
__end_of_external_interrupt_init  text3        00349C
__end_of_fround                   text30       00122A
__end_of_getCNY70Value            text20       00257A
__end_of_main                     text0        0027AC
__end_of_putSTRINGU1              text10       0026FC
__end_of_putcBluetoothInt         text16       002A9E
__end_of_putcBluetoothString      text15       002A18
__end_of_putcTxU1                 text11       003518
__end_of_scale                    text29       000F16
__end_of_sprintf                  text28       00099A
__end_ofi2_Lcd_Clear              text64       003534
__end_ofi2_Lcd_Cmd                text65       003464
__end_ofi2_Lcd_Port               text66       0033AE
__end_ofi2_Lcd_Set_Cursor         text63       002FE8
__end_ofi2_Lcd_Write_Char         text62       0032B2
__end_ofi2_Lcd_Write_String       text61       002D0E
__end_ofi2_PWM_DutyCycle1         text55       002ED0
__end_ofi2_PWM_DutyCycle2         text53       002E66
__end_ofi2_SetDCPWM1              text60       00327A
__end_ofi2_SetDCPWM2              text54       003240
__end_ofi2___ftmul                text58       002088
__end_ofi2___ftpack               text59       002854
__end_ofi2___fttol                text57       0023E6
__end_ofi2___lbtoft               text56       003444
__initialization                  cinit        002ED0
__mediumconst                     mediumconst  007E9C
__npowers_                        mediumconst  007EC5
__pbssBANK0                       bssBANK0     0000E9
__pbssBANK1                       bssBANK1     000100
__pbssCOMRAM                      bssCOMRAM    000042
__pcinit                          cinit        002ED0
__pcstackBANK0                    cstackBANK0  000060
__pcstackCOMRAM                   cstackCOMRAM 000001
__pdataBANK1                      dataBANK1    00016E
__pdataCOMRAM                     dataCOMRAM   00005E
__pidataBANK1                     idataBANK1   0034F4
__pidataCOMRAM                    idataCOMRAM  003534
__pintcode                        intcode      000008
__pintcode_body                   intcode_body 00181E
__pmediumconst                    mediumconst  007E9C
__powers_                         mediumconst  007EEC
__ptext0                          text0        0026FC
__ptext1                          text1        002D0E
__ptext10                         text10       00263E
__ptext11                         text11       003506
__ptext12                         text12       002F34
__ptext13                         text13       003078
__ptext14                         text14       001B04
__ptext15                         text15       002990
__ptext16                         text16       002A18
__ptext17                         text17       0034E0
__ptext18                         text18       0034B6
__ptext19                         text19       002A9E
__ptext2                          text2        001EB4
__ptext20                         text20       0024B4
__ptext21                         text21       003148
__ptext22                         text22       002B9C
__ptext23                         text23       002FE8
__ptext24                         text24       002C18
__ptext25                         text25       00331E
__ptext26                         text26       003030
__ptext27                         text27       00318C
__ptext28                         text28       00001C
__ptext29                         text29       00099A
__ptext3                          text3        003482
__ptext30                         text30       000F16
__ptext31                         text31       0032B2
__ptext32                         text32       0019A0
__ptext33                         text33       00257A
__ptext34                         text34       002088
__ptext35                         text35       001688
__ptext36                         text36       0014AA
__ptext37                         text37       002B1E
__ptext38                         text38       002854
__ptext39                         text39       00216A
__ptext4                          text4        0033AE
__ptext40                         text40       001C60
__ptext41                         text41       0031CA
__ptext42                         text42       00122A
__ptext43                         text43       001DAA
__ptext44                         text44       003350
__ptext45                         text45       00223E
__ptext46                         text46       0028F8
__ptext47                         text47       0030BE
__ptext48                         text48       002D86
__ptext49                         text49       003518
__ptext5                          text5        003104
__ptext50                         text50       0033FA
__ptext51                         text51       0032E8
__ptext53                         text53       002DFC
__ptext54                         text54       003206
__ptext55                         text55       002E66
__ptext56                         text56       003420
__ptext57                         text57       002312
__ptext58                         text58       001FA4
__ptext59                         text59       0027AC
__ptext6                          text6        0033D4
__ptext60                         text60       003240
__ptext61                         text61       002C94
__ptext62                         text62       00327A
__ptext63                         text63       002F98
__ptext64                         text64       003526
__ptext65                         text65       003444
__ptext66                         text66       003382
__ptext67                         text67       003464
__ptext7                          text7        0034CC
__ptext8                          text8        0023E6
__ptext9                          text9        00349C
__ramtop                          ramtop       000800
__size_of_BT_Init                 (abs)        000000
__size_of_Comando_Tablet          (abs)        000000
__size_of_Inicializa_Driveby      (abs)        000000
__size_of_Lcd_Clear               (abs)        000000
__size_of_Lcd_Cmd                 (abs)        000000
__size_of_Lcd_Init                (abs)        000000
__size_of_Lcd_Port                (abs)        000000
__size_of_Lcd_Set_Cursor          (abs)        000000
__size_of_Lcd_Write_Char          (abs)        000000
__size_of_Lcd_Write_Integer       (abs)        000000
__size_of_Lcd_Write_String        (abs)        000000
__size_of_OpenPWM1                (abs)        000000
__size_of_OpenPWM2                (abs)        000000
__size_of_OpenUSART               (abs)        000000
__size_of_PWM_DutyCycle1          (abs)        000000
__size_of_PWM_DutyCycle2          (abs)        000000
__size_of_PWM_init1               (abs)        000000
__size_of_PWM_init2               (abs)        000000
__size_of_Pause_ms                (abs)        000000
__size_of_Pause_seg               (abs)        000000
__size_of_ReadUSART               (abs)        000000
__size_of_SendBlueToothCommand    (abs)        000000
__size_of_SetDCPWM1               (abs)        000000
__size_of_SetDCPWM2               (abs)        000000
__size_of_TMRO_USART              (abs)        000000
__size_of_UART1_Init              (abs)        000000
__size_of_WriteUSART              (abs)        000000
__size_of___awdiv                 (abs)        000000
__size_of___awmod                 (abs)        000000
__size_of___ftadd                 (abs)        000000
__size_of___ftge                  (abs)        000000
__size_of___ftmul                 (abs)        000000
__size_of___ftneg                 (abs)        000000
__size_of___ftpack                (abs)        000000
__size_of___ftsub                 (abs)        000000
__size_of___fttol                 (abs)        000000
__size_of___lbtoft                (abs)        000000
__size_of___lldiv                 (abs)        000000
__size_of___llmod                 (abs)        000000
__size_of___lltoft                (abs)        000000
__size_of___wmul                  (abs)        000000
__size_of__div_to_l_              (abs)        000000
__size_of__tdiv_to_l_             (abs)        000000
__size_of_clrBufferUSART          (abs)        000000
__size_of_external_interrupt_init (abs)        000000
__size_of_fround                  (abs)        000000
__size_of_getCNY70Value           (abs)        000000
__size_of_main                    (abs)        000000
__size_of_putSTRINGU1             (abs)        000000
__size_of_putcBluetoothInt        (abs)        000000
__size_of_putcBluetoothString     (abs)        000000
__size_of_putcTxU1                (abs)        000000
__size_of_scale                   (abs)        000000
__size_of_sprintf                 (abs)        000000
__size_ofi2_Lcd_Clear             (abs)        000000
__size_ofi2_Lcd_Cmd               (abs)        000000
__size_ofi2_Lcd_Port              (abs)        000000
__size_ofi2_Lcd_Set_Cursor        (abs)        000000
__size_ofi2_Lcd_Write_Char        (abs)        000000
__size_ofi2_Lcd_Write_String      (abs)        000000
__size_ofi2_PWM_DutyCycle1        (abs)        000000
__size_ofi2_PWM_DutyCycle2        (abs)        000000
__size_ofi2_SetDCPWM1             (abs)        000000
__size_ofi2_SetDCPWM2             (abs)        000000
__size_ofi2___ftmul               (abs)        000000
__size_ofi2___ftpack              (abs)        000000
__size_ofi2___fttol               (abs)        000000
__size_ofi2___lbtoft              (abs)        000000
__smallconst                      smallconst   000000
__stringdata                      mediumconst  007F13
__tdiv_to_l_                      text35       001688
__tdiv_to_l_@cntr                 cstackBANK0  00006D
__tdiv_to_l_@exp1                 cstackBANK0  00006E
__tdiv_to_l_@f1                   cstackBANK0  000060
__tdiv_to_l_@f2                   cstackBANK0  000063
__tdiv_to_l_@quot                 cstackBANK0  000069
_array                            bssBANK1     000114
_cad                              bssCOMRAM    000055
_cleanBfer                        bssBANK0     0000ED
_clrBufferUSART                   text21       003148
_comando                          bssBANK1     00015A
_contador                         bssCOMRAM    000056
_contador2                        bssCOMRAM    000057
_countup                          dataCOMRAM   00005E
_dpowers                          mediumconst  007E9D
_external_interrupt_init          text3        003482
_fround                           text30       000F16
_fround$2759                      cstackBANK0  000089
_fround$2760                      cstackBANK0  000086
_getCNY70Value                    text20       0024B4
_i                                bssCOMRAM    000048
_j                                bssCOMRAM    000058
_lenght                           bssCOMRAM    000059
_main                             text0        0026FC
_num_med_hi                       bssCOMRAM    00005A
_num_med_low                      bssCOMRAM    00005B
_num_med_medium                   bssCOMRAM    00005C
_packet                           bssCOMRAM    00005D
_putSTRINGU1                      text10       00263E
_putcBluetoothInt                 text16       002A18
_putcBluetoothString              text15       002990
_putcTxU1                         text11       003506
_scale                            text29       00099A
_scale$2761                       cstackBANK0  000086
_sprintf                          text28       00001C
_sprintf$1737                     cstackBANK0  0000AF
_sprintf$2762                     cstackBANK0  0000AC
clrBufferUSART@i                  cstackBANK0  000060
end_of_initialization             cinit        002F2E
fround@prec                       cstackBANK0  00008C
i2Lcd_Cmd@a                       cstackCOMRAM 000003
i2Lcd_Port@a                      cstackCOMRAM 000001
i2Lcd_Set_Cursor@a                cstackCOMRAM 000005
i2Lcd_Set_Cursor@b                cstackCOMRAM 000004
i2Lcd_Set_Cursor@temp             cstackCOMRAM 000008
i2Lcd_Set_Cursor@y                cstackCOMRAM 000007
i2Lcd_Set_Cursor@z                cstackCOMRAM 000006
i2Lcd_Write_Char@a                cstackCOMRAM 000004
i2Lcd_Write_Char@temp             cstackCOMRAM 000002
i2Lcd_Write_Char@y                cstackCOMRAM 000003
i2Lcd_Write_String@a              cstackCOMRAM 000005
i2Lcd_Write_String@i              cstackCOMRAM 000009
i2PWM_DutyCycle1@DC               cstackCOMRAM 000032
i2PWM_DutyCycle1@DutyCycle        cstackCOMRAM 00002F
i2PWM_DutyCycle1@percentageDuty   cstackCOMRAM 000031
i2PWM_DutyCycle2@DC               cstackCOMRAM 000032
i2PWM_DutyCycle2@DutyCycle        cstackCOMRAM 00002F
i2PWM_DutyCycle2@percentageDuty   cstackCOMRAM 000031
i2SetDCPWM1@DCycle                cstackCOMRAM 000005
i2SetDCPWM1@dutycycle             cstackCOMRAM 000001
i2SetDCPWM2@DCycle                cstackCOMRAM 000005
i2SetDCPWM2@dutycycle             cstackCOMRAM 000001
i2_Lcd_Clear                      text64       003526
i2_Lcd_Cmd                        text65       003444
i2_Lcd_Port                       text66       003382
i2_Lcd_Set_Cursor                 text63       002F98
i2_Lcd_Write_Char                 text62       00327A
i2_Lcd_Write_String               text61       002C94
i2_PWM_DutyCycle1                 text55       002E66
i2_PWM_DutyCycle2                 text53       002DFC
i2_SetDCPWM1                      text60       003240
i2_SetDCPWM2                      text54       003206
i2___ftmul                        text58       001FA4
i2___ftmul@cntr                   cstackCOMRAM 00001A
i2___ftmul@exp                    cstackCOMRAM 000016
i2___ftmul@f1                     cstackCOMRAM 00000D
i2___ftmul@f2                     cstackCOMRAM 000010
i2___ftmul@f3_as_product          cstackCOMRAM 000017
i2___ftmul@sign                   cstackCOMRAM 00001B
i2___ftpack                       text59       0027AC
i2___ftpack@arg                   cstackCOMRAM 000001
i2___ftpack@exp                   cstackCOMRAM 000004
i2___ftpack@sign                  cstackCOMRAM 000005
i2___fttol                        text57       002312
i2___fttol@exp1                   cstackCOMRAM 00002A
i2___fttol@f1                     cstackCOMRAM 00001C
i2___fttol@lval                   cstackCOMRAM 000026
i2___fttol@sign1                  cstackCOMRAM 000025
i2___lbtoft                       text56       003420
i2___lbtoft@c                     cstackCOMRAM 00000C
int_func                          intcode_body 00181E
intlevel0                         text         000000
intlevel1                         text         000000
intlevel2                         text         000000
intlevel3                         text         000000
putSTRINGU1@cont                  cstackBANK0  000069
putSTRINGU1@dato                  cstackBANK0  000062
putSTRINGU1@last                  cstackBANK0  000068
putSTRINGU1@total                 cstackBANK0  000064
putcBluetoothInt@a                cstackBANK0  0000CF
putcBluetoothInt@i                cstackBANK0  0000E5
putcBluetoothInt@s                cstackBANK0  0000D1
putcBluetoothString@a             cstackBANK0  000067
putcBluetoothString@i             cstackBANK0  00006B
putcTxU1@character                cstackBANK0  000061
scale@scl                         cstackBANK0  000089
sprintf@_val                      cstackBANK0  0000C4
sprintf@ap                        cstackBANK0  0000BB
sprintf@c                         cstackBANK0  0000CE
sprintf@exp                       cstackBANK0  0000C9
sprintf@f                         cstackBANK0  0000A1
sprintf@flag                      cstackBANK0  0000BD
sprintf@fval                      cstackBANK0  0000CB
sprintf@integ                     cstackBANK0  0000BF
sprintf@prec                      cstackBANK0  0000C2
sprintf@sp                        cstackBANK0  00009F
sprintf@vd                        cstackBANK0  0000B3
sprintf@vd_1739                   cstackBANK0  0000B7
stackhi                           (abs)        0007FF
stacklo                           (abs)        000180
start                             init         000018
start_initialization              cinit        002ED0


FUNCTION INFORMATION:

 *************** function _main *****************
 Defined at:
		line 156 in file "robot.c"
 Parameters:    Size  Location     Type
		None
 Auto vars:     Size  Location     Type
		None
 Return value:  Size  Location     Type
                  2  397[COMRAM] int 
 Registers used:
		wreg, fsr0l, fsr0h, fsr1l, fsr1h, fsr2l, fsr2h, status,2, status,0, tblptrl, tblptrh, tblptru, prodl, prodh, cstack
 Tracked objects:
		On entry : 
		On exit  : 
		Unchanged: 
 Data sizes:     COMRAM   BANK0   BANK1   BANK2   BANK3   BANK4   BANK5   BANK6   BANK7
      Params:         0       0       0       0       0       0       0       0       0
      Locals:         0       0       0       0       0       0       0       0       0
      Temps:          0       0       0       0       0       0       0       0       0
      Totals:         0       0       0       0       0       0       0       0       0
Total ram usage:        0 bytes
 Hardware stack levels required when called:   10
 This function calls:
		_Comando_Tablet
		_Inicializa_Driveby
		_Lcd_Clear
		_Lcd_Init
		_Lcd_Set_Cursor
		_Lcd_Write_String
		_UART1_Init
		_clrBufferUSART
 This function is called by:
		Startup code after reset
 This function uses a non-reentrant model


 *************** function _Lcd_Init *****************
 Defined at:
		line 57 in file "lcd.c"
 Parameters:    Size  Location     Type
		None
 Auto vars:     Size  Location     Type
		None
 Return value:  Size  Location     Type
		None               void
 Registers used:
		wreg, status,2, cstack
 Tracked objects:
		On entry : 
		On exit  : 
		Unchanged: 
 Data sizes:     COMRAM   BANK0   BANK1   BANK2   BANK3   BANK4   BANK5   BANK6   BANK7
      Params:         0       0       0       0       0       0       0       0       0
      Locals:         0       0       0       0       0       0       0       0       0
      Temps:          0       1       0       0       0       0       0       0       0
      Totals:         0       1       0       0       0       0       0       0       0
Total ram usage:        1 bytes
 Hardware stack levels used:    1
 Hardware stack levels required when called:    6
 This function calls:
		_Lcd_Cmd
		_Lcd_Port
 This function is called by:
		_main
 This function uses a non-reentrant model


 *************** function _Inicializa_Driveby *****************
 Defined at:
		line 62 in file "Funciones_Db.c"
 Parameters:    Size  Location     Type
		None
 Auto vars:     Size  Location     Type
  i               2   33[BANK0 ] int 
 Return value:  Size  Location     Type
		None               void
 Registers used:
		wreg, fsr0l, fsr0h, fsr1l, fsr1h, fsr2l, fsr2h, status,2, status,0, tblptrl, tblptrh, tblptru, prodl, prodh, cstack
 Tracked objects:
		On entry : 
		On exit  : 
		Unchanged: 
 Data sizes:     COMRAM   BANK0   BANK1   BANK2   BANK3   BANK4   BANK5   BANK6   BANK7
      Params:         0       0       0       0       0       0       0       0       0
      Locals:         0       2       0       0       0       0       0       0       0
      Temps:          0       1       0       0       0       0       0       0       0
      Totals:         0       3       0       0       0       0       0       0       0
Total ram usage:        3 bytes
 Hardware stack levels used:    1
 Hardware stack levels required when called:    9
 This function calls:
		_BT_Init
		_Lcd_Clear
		_Lcd_Set_Cursor
		_Lcd_Write_String
		_PWM_init1
		_PWM_init2
		_Pause_seg
		_clrBufferUSART
		_external_interrupt_init
 This function is called by:
		_main
 This function uses a non-reentrant model


 *************** function _external_interrupt_init *****************
 Defined at:
		line 107 in file "Funciones_Db.c"
 Parameters:    Size  Location     Type
		None
 Auto vars:     Size  Location     Type
		None
 Return value:  Size  Location     Type
		None               void
 Registers used:
		None
 Tracked objects:
		On entry : 
		On exit  : 
		Unchanged: 
 Data sizes:     COMRAM   BANK0   BANK1   BANK2   BANK3   BANK4   BANK5   BANK6   BANK7
      Params:         0       0       0       0       0       0       0       0       0
      Locals:         0       0       0       0       0       0       0       0       0
      Temps:          0       0       0       0       0       0       0       0       0
      Totals:         0       0       0       0       0       0       0       0       0
Total ram usage:        0 bytes
 Hardware stack levels used:    1
 Hardware stack levels required when called:    4
 This function calls:
		Nothing
 This function is called by:
		_Inicializa_Driveby
 This function uses a non-reentrant model


 *************** function _PWM_init2 *****************
 Defined at:
		line 42 in file "pwm.c"
 Parameters:    Size  Location     Type
  period          1    wreg     unsigned char 
 Auto vars:     Size  Location     Type
  period          1    3[BANK0 ] unsigned char 
 Return value:  Size  Location     Type
		None               void
 Registers used:
		wreg, status,2, status,0, tblptrl, tblptrh, tblptru, cstack
 Tracked objects:
		On entry : 
		On exit  : 
		Unchanged: 
 Data sizes:     COMRAM   BANK0   BANK1   BANK2   BANK3   BANK4   BANK5   BANK6   BANK7
      Params:         0       0       0       0       0       0       0       0       0
      Locals:         0       1       0       0       0       0       0       0       0
      Temps:          0       0       0       0       0       0       0       0       0
      Totals:         0       1       0       0       0       0       0       0       0
Total ram usage:        1 bytes
 Hardware stack levels used:    1
 Hardware stack levels required when called:    5
 This function calls:
		_OpenPWM2
 This function is called by:
		_Inicializa_Driveby
 This function uses a non-reentrant model


 *************** function _OpenPWM2 *****************
 Defined at:
		line 18 in file "C:\Program Files\Microchip\xc8\v1.33\sources\pic18\plib\PWM\pw2open.c"
 Parameters:    Size  Location     Type
  period          1    wreg     unsigned char 
 Auto vars:     Size  Location     Type
  period          1    1[BANK0 ] unsigned char 
  ccp2mx          1    2[BANK0 ] unsigned char 
  pmmode          1    0        unsigned char 
 Return value:  Size  Location     Type
		None               void
 Registers used:
		wreg, status,2, tblptrl, tblptrh, tblptru
 Tracked objects:
		On entry : 
		On exit  : 
		Unchanged: 
 Data sizes:     COMRAM   BANK0   BANK1   BANK2   BANK3   BANK4   BANK5   BANK6   BANK7
      Params:         0       0       0       0       0       0       0       0       0
      Locals:         0       2       0       0       0       0       0       0       0
      Temps:          0       1       0       0       0       0       0       0       0
      Totals:         0       3       0       0       0       0       0       0       0
Total ram usage:        3 bytes
 Hardware stack levels used:    1
 Hardware stack levels required when called:    4
 This function calls:
		Nothing
 This function is called by:
		_PWM_init2
 This function uses a non-reentrant model


 *************** function _PWM_init1 *****************
 Defined at:
		line 20 in file "pwm.c"
 Parameters:    Size  Location     Type
  period          1    wreg     unsigned char 
 Auto vars:     Size  Location     Type
  period          1    1[BANK0 ] unsigned char 
 Return value:  Size  Location     Type
		None               void
 Registers used:
		wreg, status,2, status,0, cstack
 Tracked objects:
		On entry : 
		On exit  : 
		Unchanged: 
 Data sizes:     COMRAM   BANK0   BANK1   BANK2   BANK3   BANK4   BANK5   BANK6   BANK7
      Params:         0       0       0       0       0       0       0       0       0
      Locals:         0       1       0       0       0       0       0       0       0
      Temps:          0       0       0       0       0       0       0       0       0
      Totals:         0       1       0       0       0       0       0       0       0
Total ram usage:        1 bytes
 Hardware stack levels used:    1
 Hardware stack levels required when called:    5
 This function calls:
		_OpenPWM1
 This function is called by:
		_Inicializa_Driveby
 This function uses a non-reentrant model


 *************** function _OpenPWM1 *****************
 Defined at:
		line 8 in file "C:\Program Files\Microchip\xc8\v1.33\sources\pic18\plib\PWM\pw1open.c"
 Parameters:    Size  Location     Type
  period          1    wreg     unsigned char 
 Auto vars:     Size  Location     Type
  period          1    0[BANK0 ] unsigned char 
 Return value:  Size  Location     Type
		None               void
 Registers used:
		wreg, status,2, status,0
 Tracked objects:
		On entry : 
		On exit  : 
		Unchanged: 
 Data sizes:     COMRAM   BANK0   BANK1   BANK2   BANK3   BANK4   BANK5   BANK6   BANK7
      Params:         0       0       0       0       0       0       0       0       0
      Locals:         0       1       0       0       0       0       0       0       0
      Temps:          0       0       0       0       0       0       0       0       0
      Totals:         0       1       0       0       0       0       0       0       0
Total ram usage:        1 bytes
 Hardware stack levels used:    1
 Hardware stack levels required when called:    4
 This function calls:
		Nothing
 This function is called by:
		_PWM_init1
 This function uses a non-reentrant model


 *************** function _BT_Init *****************
 Defined at:
		line 16 in file "Bluetooth.c"
 Parameters:    Size  Location     Type
		None
 Auto vars:     Size  Location     Type
  nameBT         18   14[BANK0 ] unsigned char [18]
 Return value:  Size  Location     Type
		None               void
 Registers used:
		wreg, fsr0l, fsr0h, fsr1l, fsr1h, fsr2l, fsr2h, status,2, status,0, tblptrl, tblptrh, tblptru, prodl, prodh, cstack
 Tracked objects:
		On entry : 
		On exit  : 
		Unchanged: 
 Data sizes:     COMRAM   BANK0   BANK1   BANK2   BANK3   BANK4   BANK5   BANK6   BANK7
      Params:         0       0       0       0       0       0       0       0       0
      Locals:         0      18       0       0       0       0       0       0       0
      Temps:          0       0       0       0       0       0       0       0       0
      Totals:         0      18       0       0       0       0       0       0       0
Total ram usage:       18 bytes
 Hardware stack levels used:    1
 Hardware stack levels required when called:    8
 This function calls:
		_Pause_seg
		_SendBlueToothCommand
		_UART1_Init
 This function is called by:
		_Inicializa_Driveby
		_EstadoBluetooth
 This function uses a non-reentrant model


 *************** function _SendBlueToothCommand *****************
 Defined at:
		line 48 in file "Bluetooth.c"
 Parameters:    Size  Location     Type
  command         2   10[BANK0 ] PTR const unsigned char 
		 -> STR_4(9), STR_3(9), STR_2(15), STR_1(12), 
		 -> BT_Init@nameBT(18), 
  total           2   12[BANK0 ] unsigned int 
 Auto vars:     Size  Location     Type
		None
 Return value:  Size  Location     Type
		None               void
 Registers used:
		wreg, fsr0l, fsr0h, status,2, status,0, tblptrl, tblptrh, tblptru, prodl, prodh, cstack
 Tracked objects:
		On entry : 
		On exit  : 
		Unchanged: 
 Data sizes:     COMRAM   BANK0   BANK1   BANK2   BANK3   BANK4   BANK5   BANK6   BANK7
      Params:         0       4       0       0       0       0       0       0       0
      Locals:         0       0       0       0       0       0       0       0       0
      Temps:          0       0       0       0       0       0       0       0       0
      Totals:         0       4       0       0       0       0       0       0       0
Total ram usage:        4 bytes
 Hardware stack levels used:    1
 Hardware stack levels required when called:    7
 This function calls:
		_putSTRINGU1
 This function is called by:
		_BT_Init
 This function uses a non-reentrant model


 *************** function _putSTRINGU1 *****************
 Defined at:
		line 18 in file "UART1.c"
 Parameters:    Size  Location     Type
  dato            2    2[BANK0 ] PTR const unsigned char 
		 -> STR_4(9), STR_3(9), STR_2(15), STR_1(12), 
		 -> BT_Init@nameBT(18), 
  total           2    4[BANK0 ] unsigned int 
 Auto vars:     Size  Location     Type
  cont            1    9[BANK0 ] unsigned char 
  last            1    8[BANK0 ] unsigned char 
 Return value:  Size  Location     Type
		None               void
 Registers used:
		wreg, fsr0l, fsr0h, status,2, status,0, tblptrl, tblptrh, tblptru, prodl, prodh, cstack
 Tracked objects:
		On entry : 
		On exit  : 
		Unchanged: 
 Data sizes:     COMRAM   BANK0   BANK1   BANK2   BANK3   BANK4   BANK5   BANK6   BANK7
      Params:         0       4       0       0       0       0       0       0       0
      Locals:         0       2       0       0       0       0       0       0       0
[...]
      Temps:          5       0       0       0       0       0       0       0       0
      Totals:        15       0       0       0       0       0       0       0       0
Total ram usage:       15 bytes
 Hardware stack levels used:    1
 This function calls:
		Nothing
 This function is called by:
		i2_PWM_DutyCycle1
		i2_PWM_DutyCycle2
 This function uses a non-reentrant model


 *************** function i2___ftmul *****************
 Defined at:
		line 62 in file "C:\Program Files\Microchip\xc8\v1.33\sources\common\ftmul.c"
 Parameters:    Size  Location     Type
  f1              3   12[COMRAM] float 
  f2              3   15[COMRAM] float 
 Auto vars:     Size  Location     Type
  __ftmul         3   22[COMRAM] unsigned um
  __ftmul         1   26[COMRAM] unsigned char 
  __ftmul         1   25[COMRAM] unsigned char 
  __ftmul         1   21[COMRAM] unsigned char 
 Return value:  Size  Location     Type
                  3   12[COMRAM] float 
 Registers used:
		wreg, status,2, status,0, cstack
 Tracked objects:
		On entry : 
		On exit  : 
		Unchanged: 
 Data sizes:     COMRAM   BANK0   BANK1   BANK2   BANK3   BANK4   BANK5   BANK6   BANK7
      Params:         6       0       0       0       0       0       0       0       0
      Locals:         6       0       0       0       0       0       0       0       0
      Temps:          3       0       0       0       0       0       0       0       0
      Totals:        15       0       0       0       0       0       0       0       0
Total ram usage:       15 bytes
 Hardware stack levels used:    1
 Hardware stack levels required when called:    1
 This function calls:
		i2___ftpack
 This function is called by:
		i2_PWM_DutyCycle1
		i2_PWM_DutyCycle2
 This function uses a non-reentrant model


 *************** function i2___ftpack *****************
 Defined at:
		line 62 in file "C:\Program Files\Microchip\xc8\v1.33\sources\common\float.c"
 Parameters:    Size  Location     Type
  arg             3    0[COMRAM] unsigned um
  exp             1    3[COMRAM] unsigned char 
  sign            1    4[COMRAM] unsigned char 
 Auto vars:     Size  Location     Type
		None
 Return value:  Size  Location     Type
                  3    0[COMRAM] float 
 Registers used:
		wreg, status,2, status,0
 Tracked objects:
		On entry : 
		On exit  : 
		Unchanged: 
 Data sizes:     COMRAM   BANK0   BANK1   BANK2   BANK3   BANK4   BANK5   BANK6   BANK7
      Params:         5       0       0       0       0       0       0       0       0
      Locals:         0       0       0       0       0       0       0       0       0
      Temps:          3       0       0       0       0       0       0       0       0
      Totals:         8       0       0       0       0       0       0       0       0
Total ram usage:        8 bytes
 Hardware stack levels used:    1
 This function calls:
		Nothing
 This function is called by:
		i2___ftmul
		i2___lbtoft
 This function uses a non-reentrant model


 *************** function i2_SetDCPWM1 *****************
 Defined at:
		line 7 in file "C:\Program Files\Microchip\xc8\v1.33\sources\pic18\plib\PWM\pw1setdc.c"
 Parameters:    Size  Location     Type
  dutycycle       2    0[COMRAM] unsigned int 
 Auto vars:     Size  Location     Type
  SetDCPWM1       2    4[COMRAM] struct PWMDC
 Return value:  Size  Location     Type
		None               void
 Registers used:
		wreg, status,2, status,0
 Tracked objects:
		On entry : 
		On exit  : 
		Unchanged: 
 Data sizes:     COMRAM   BANK0   BANK1   BANK2   BANK3   BANK4   BANK5   BANK6   BANK7
      Params:         2       0       0       0       0       0       0       0       0
      Locals:         2       0       0       0       0       0       0       0       0
      Temps:          2       0       0       0       0       0       0       0       0
      Totals:         6       0       0       0       0       0       0       0       0
Total ram usage:        6 bytes
 Hardware stack levels used:    1
 This function calls:
		Nothing
 This function is called by:
		i2_PWM_DutyCycle1
 This function uses a non-reentrant model


 *************** function i2_Lcd_Write_String *****************
 Defined at:
		line 90 in file "lcd.c"
 Parameters:    Size  Location     Type
  a               2    4[COMRAM] PTR unsigned char 
		 -> STR_24(11), STR_23(7), STR_22(18), STR_21(17), 
		 -> STR_20(17), STR_19(17), Lcd_Write_Integer@s(20), Lcd_Write_Float@s(20), 
		 -> STR_16(8), STR_14(2), STR_13(2), STR_12(2), 
		 -> STR_11(16), STR_10(7), 
 Auto vars:     Size  Location     Type
  Lcd_Write_St    2    8[COMRAM] int 
 Return value:  Size  Location     Type
		None               void
 Registers used:
		wreg, fsr0l, fsr0h, status,2, status,0, tblptrl, tblptrh, tblptru, cstack
 Tracked objects:
		On entry : 
		On exit  : 
		Unchanged: 
 Data sizes:     COMRAM   BANK0   BANK1   BANK2   BANK3   BANK4   BANK5   BANK6   BANK7
      Params:         2       0       0       0       0       0       0       0       0
      Locals:         2       0       0       0       0       0       0       0       0
      Temps:          2       0       0       0       0       0       0       0       0
      Totals:         6       0       0       0       0       0       0       0       0
Total ram usage:        6 bytes
 Hardware stack levels used:    1
 Hardware stack levels required when called:    2
 This function calls:
		i2_Lcd_Write_Char
 This function is called by:
		_TMRO_USART
 This function uses a non-reentrant model


 *************** function i2_Lcd_Write_Char *****************
 Defined at:
		line 75 in file "lcd.c"
 Parameters:    Size  Location     Type
  a               1    wreg     unsigned char 
 Auto vars:     Size  Location     Type
  a               1    3[COMRAM] unsigned char 
  Lcd_Write_Ch    1    2[COMRAM] unsigned char 
  Lcd_Write_Ch    1    1[COMRAM] unsigned char 
 Return value:  Size  Location     Type
		None               void
 Registers used:
		wreg, status,2, status,0, cstack
 Tracked objects:
		On entry : 
		On exit  : 
		Unchanged: 
 Data sizes:     COMRAM   BANK0   BANK1   BANK2   BANK3   BANK4   BANK5   BANK6   BANK7
      Params:         0       0       0       0       0       0       0       0       0
      Locals:         3       0       0       0       0       0       0       0       0
      Temps:          0       0       0       0       0       0       0       0       0
      Totals:         3       0       0       0       0       0       0       0       0
Total ram usage:        3 bytes
 Hardware stack levels used:    1
 Hardware stack levels required when called:    1
 This function calls:
		i2_Lcd_Port
 This function is called by:
		i2_Lcd_Write_String
 This function uses a non-reentrant model


 *************** function i2_Lcd_Set_Cursor *****************
 Defined at:
		line 40 in file "lcd.c"
 Parameters:    Size  Location     Type
  a               1    wreg     unsigned char 
  b               1    3[COMRAM] unsigned char 
 Auto vars:     Size  Location     Type
  a               1    4[COMRAM] unsigned char 
  Lcd_Set_Curs    1    7[COMRAM] unsigned char 
  Lcd_Set_Curs    1    6[COMRAM] unsigned char 
  Lcd_Set_Curs    1    5[COMRAM] unsigned char 
 Return value:  Size  Location     Type
		None               void
 Registers used:
		wreg, status,2, status,0, cstack
 Tracked objects:
		On entry : 
		On exit  : 
		Unchanged: 
 Data sizes:     COMRAM   BANK0   BANK1   BANK2   BANK3   BANK4   BANK5   BANK6   BANK7
      Params:         1       0       0       0       0       0       0       0       0
      Locals:         4       0       0       0       0       0       0       0       0
      Temps:          0       0       0       0       0       0       0       0       0
      Totals:         5       0       0       0       0       0       0       0       0
Total ram usage:        5 bytes
 Hardware stack levels used:    1
 Hardware stack levels required when called:    2
 This function calls:
		i2_Lcd_Cmd
 This function is called by:
		_TMRO_USART
 This function uses a non-reentrant model


 *************** function i2_Lcd_Clear *****************
 Defined at:
		line 35 in file "lcd.c"
 Parameters:    Size  Location     Type
		None
 Auto vars:     Size  Location     Type
		None
 Return value:  Size  Location     Type
		None               void
 Registers used:
		wreg, status,2, cstack
 Tracked objects:
		On entry : 
		On exit  : 
		Unchanged: 
 Data sizes:     COMRAM   BANK0   BANK1   BANK2   BANK3   BANK4   BANK5   BANK6   BANK7
      Params:         0       0       0       0       0       0       0       0       0
      Locals:         0       0       0       0       0       0       0       0       0
      Temps:          0       0       0       0       0       0       0       0       0
      Totals:         0       0       0       0       0       0       0       0       0
Total ram usage:        0 bytes
 Hardware stack levels used:    1
 Hardware stack levels required when called:    2
 This function calls:
		i2_Lcd_Cmd
 This function is called by:
		_TMRO_USART
 This function uses a non-reentrant model


 *************** function i2_Lcd_Cmd *****************
 Defined at:
		line 27 in file "lcd.c"
 Parameters:    Size  Location     Type
  a               1    wreg     unsigned char 
 Auto vars:     Size  Location     Type
  a               1    2[COMRAM] unsigned char 
 Return value:  Size  Location     Type
		None               void
 Registers used:
		wreg, status,2, cstack
 Tracked objects:
		On entry : 
		On exit  : 
		Unchanged: 
 Data sizes:     COMRAM   BANK0   BANK1   BANK2   BANK3   BANK4   BANK5   BANK6   BANK7
      Params:         0       0       0       0       0       0       0       0       0
      Locals:         1       0       0       0       0       0       0       0       0
      Temps:          1       0       0       0       0       0       0       0       0
      Totals:         2       0       0       0       0       0       0       0       0
Total ram usage:        2 bytes
 Hardware stack levels used:    1
 Hardware stack levels required when called:    1
 This function calls:
		i2_Lcd_Port
 This function is called by:
		i2_Lcd_Clear
		i2_Lcd_Set_Cursor
 This function uses a non-reentrant model


 *************** function i2_Lcd_Port *****************
 Defined at:
		line 6 in file "lcd.c"
 Parameters:    Size  Location     Type
  a               1    wreg     unsigned char 
 Auto vars:     Size  Location     Type
  a               1    0[COMRAM] unsigned char 
 Return value:  Size  Location     Type
		None               void
 Registers used:
		wreg
 Tracked objects:
		On entry : 
		On exit  : 
		Unchanged: 
 Data sizes:     COMRAM   BANK0   BANK1   BANK2   BANK3   BANK4   BANK5   BANK6   BANK7
      Params:         0       0       0       0       0       0       0       0       0
      Locals:         1       0       0       0       0       0       0       0       0
      Temps:          0       0       0       0       0       0       0       0       0
      Totals:         1       0       0       0       0       0       0       0       0
Total ram usage:        1 bytes
 Hardware stack levels used:    1
 This function calls:
		Nothing
 This function is called by:
		i2_Lcd_Cmd
		i2_Lcd_Write_Char
 This function uses a non-reentrant model


 *************** function _ReadUSART *****************
 Defined at:
		line 15 in file "C:\Program Files\Microchip\xc8\v1.33\sources\pic18\plib\USART\uread.c"
 Parameters:    Size  Location     Type
		None
 Auto vars:     Size  Location     Type
  data            1    0[COMRAM] unsigned char 
 Return value:  Size  Location     Type
                  1    wreg      unsigned char 
 Registers used:
		wreg, status,2, status,0
 Tracked objects:
		On entry : 
		On exit  : 
		Unchanged: 
 Data sizes:     COMRAM   BANK0   BANK1   BANK2   BANK3   BANK4   BANK5   BANK6   BANK7
      Params:         0       0       0       0       0       0       0       0       0
      Locals:         1       0       0       0       0       0       0       0       0
      Temps:          0       0       0       0       0       0       0       0       0
      Totals:         1       0       0       0       0       0       0       0       0
Total ram usage:        1 bytes
 Hardware stack levels used:    1
 This function calls:
		Nothing
 This function is called by:
		_TMRO_USART
 This function uses a non-reentrant model



MODULE INFORMATION

Module		Function		Class		Link	Load	Size
C:\Program Files\Microchip\xc8\v1.33\sources\common\ftge.c
		___ftge        		CODE           	223E	0000	212

C:\Program Files\Microchip\xc8\v1.33\sources\common\ftge.c estimated size: 212

C:\Program Files\Microchip\xc8\v1.33\sources\common\llmod.c
		___llmod       		CODE           	2854	0000	164

C:\Program Files\Microchip\xc8\v1.33\sources\common\llmod.c estimated size: 164

Bluetooth.c
		_SendBlueToothC		CODE           	349C	0000	26
		_putcBluetoothS		CODE           	2990	0000	136
		_putcBluetoothI		CODE           	2A18	0000	134
		_clrBufferUSART		CODE           	3148	0000	68
		_BT_Init       		CODE           	23E6	0000	206

Bluetooth.c estimated size: 570

C:\Program Files\Microchip\xc8\v1.33\sources\pic18\plib\PWM\pw1setdc.c
		_SetDCPWM1     		CODE           	3030	0000	72

C:\Program Files\Microchip\xc8\v1.33\sources\pic18\plib\PWM\pw1setdc.c estimated size: 72

C:\Program Files\Microchip\xc8\v1.33\sources\common\fldivl.c
		__div_to_l_    		CODE           	14AA	0000	478

C:\Program Files\Microchip\xc8\v1.33\sources\common\fldivl.c estimated size: 478

C:\Program Files\Microchip\xc8\v1.33\sources\pic18\plib\PWM\pw1open.c
		_OpenPWM1      		CODE           	34CC	0000	20

C:\Program Files\Microchip\xc8\v1.33\sources\pic18\plib\PWM\pw1open.c estimated size: 20

C:\Program Files\Microchip\xc8\v1.33\sources\common\ftmul.c
		___ftmul       		CODE           	19A0	0000	356

C:\Program Files\Microchip\xc8\v1.33\sources\common\ftmul.c estimated size: 356

Retardos.c
		_Pause_seg     		CODE           	2F34	0000	100
		_Pause_ms      		CODE           	3078	0000	70

Retardos.c estimated size: 170

C:\Program Files\Microchip\xc8\v1.33\sources\common\lbtoft.c
		___lbtoft      		CODE           	331E	0000	50

C:\Program Files\Microchip\xc8\v1.33\sources\common\lbtoft.c estimated size: 50

C:\Program Files\Microchip\xc8\v1.33\sources\common\awdiv.c
		___awdiv       		CODE           	2088	0000	226

C:\Program Files\Microchip\xc8\v1.33\sources\common\awdiv.c estimated size: 226

C:\Program Files\Microchip\xc8\v1.33\sources\common\lldiv.c
		___lldiv       		CODE           	216A	0000	212

C:\Program Files\Microchip\xc8\v1.33\sources\common\lldiv.c estimated size: 212

pwm.c
		_PWM_DutyCycle1		CODE           	2C18	0000	124
		_PWM_DutyCycle2		CODE           	2B9C	0000	124
		_PWM_init1     		CODE           	33D4	0000	38
		_PWM_init2     		CODE           	33AE	0000	38

pwm.c estimated size: 324

C:\Program Files\Microchip\xc8\v1.33\sources\common\fttol.c
		___fttol       		CODE           	1C60	0000	330

C:\Program Files\Microchip\xc8\v1.33\sources\common\fttol.c estimated size: 330

C:\Program Files\Microchip\xc8\v1.33\sources\common\lltoft.c
		___lltoft      		CODE           	2B1E	0000	126

C:\Program Files\Microchip\xc8\v1.33\sources\common\lltoft.c estimated size: 126

Funciones_Db.c
		_Comando_Tablet		CODE           	1B04	0000	348
		_external_inter		CODE           	3482	0000	26
		_Inicializa_Dri		CODE           	1EB4	0000	240

Funciones_Db.c estimated size: 614

C:\Program Files\Microchip\xc8\v1.33\sources\pic18\plib\USART\uopen.c
		_OpenUSART     		CODE           	2A9E	0000	128

C:\Program Files\Microchip\xc8\v1.33\sources\pic18\plib\USART\uopen.c estimated size: 128

C:\Program Files\Microchip\xc8\v1.33\sources\common\ftadd.c
		___ftadd       		CODE           	122A	0000	640

C:\Program Files\Microchip\xc8\v1.33\sources\common\ftadd.c estimated size: 640

shared
		i2___lbtoft    		CODE           	3420	0000	36
		i2_PWM_DutyCycl		CODE           	2E66	0000	106
		__stringdata   		MEDIUMCONST    	7F13	0000	236
		i2_PWM_DutyCycl		CODE           	2DFC	0000	106
		__powers_      		MEDIUMCONST    	7EEC	0000	39
		i2___fttol     		CODE           	2312	0000	212
		_dpowers       		MEDIUMCONST    	7E9D	0000	40
		i2_Lcd_Write_Ch		CODE           	327A	0000	56
		i2___ftmul     		CODE           	1FA4	0000	228
		i2_SetDCPWM1   		CODE           	3240	0000	58
		i2_SetDCPWM2   		CODE           	3206	0000	58
		i2_Lcd_Port    		CODE           	3382	0000	44
		__npowers_     		MEDIUMCONST    	7EC5	0000	39
		i2_Lcd_Cmd     		CODE           	3444	0000	32
		i2___ftpack    		CODE           	27AC	0000	168
		i2_Lcd_Clear   		CODE           	3526	0000	14
		__initializatio		CODE           	2ED0	0000	94
		i2_Lcd_Set_Curs		CODE           	2F98	0000	80
		i2_Lcd_Write_St		CODE           	2C94	0000	122

shared estimated size: 1768

C:\Program Files\Microchip\xc8\v1.33\sources\pic18\plib\USART\uwrite.c
		_WriteUSART    		CODE           	34E0	0000	20

C:\Program Files\Microchip\xc8\v1.33\sources\pic18\plib\USART\uwrite.c estimated size: 20

UART1.c
		_UART1_Init    		CODE           	34B6	0000	22
		_putcTxU1      		CODE           	3506	0000	18
		_putSTRINGU1   		CODE           	263E	0000	190

UART1.c estimated size: 230

robot.c
		_main          		CODE           	26FC	0000	176
		_TMRO_USART    		CODE           	0008	0000	6552

robot.c estimated size: 6728

C:\Program Files\Microchip\xc8\v1.33\sources\common\doprnt.c
		_scale         		CODE           	099A	0000	1404
		_sprintf       		CODE           	001C	0000	2430
		_fround        		CODE           	0F16	0000	788

C:\Program Files\Microchip\xc8\v1.33\sources\common\doprnt.c estimated size: 4622

C:\Program Files\Microchip\xc8\v1.33\sources\common\ftdivl.c
		__tdiv_to_l_   		CODE           	1688	0000	406

C:\Program Files\Microchip\xc8\v1.33\sources\common\ftdivl.c estimated size: 406

lcd.c
		_Lcd_Write_Stri		CODE           	28F8	0000	152
		_Lcd_Init      		CODE           	2D0E	0000	120
		_Lcd_Write_Char		CODE           	30BE	0000	70
		_Lcd_Write_Inte		CODE           	318C	0000	62
		_Lcd_Cmd       		CODE           	33FA	0000	38
		_Lcd_Set_Cursor		CODE           	2D86	0000	118
		_Lcd_Clear     		CODE           	3518	0000	14
		_Lcd_Port      		CODE           	32E8	0000	54

lcd.c estimated size: 628

C:\Program Files\Microchip\xc8\v1.33\sources\common\Umul16.c
		___wmul        		CODE           	32B2	0000	54

C:\Program Files\Microchip\xc8\v1.33\sources\common\Umul16.c estimated size: 54

C:\Program Files\Microchip\xc8\v1.33\sources\common\ftneg.c
		___ftneg       		CODE           	3350	0000	50

C:\Program Files\Microchip\xc8\v1.33\sources\common\ftneg.c estimated size: 50

C:\Program Files\Microchip\xc8\v1.33\sources\pic18\plib\PWM\pw2setdc.c
		_SetDCPWM2     		CODE           	2FE8	0000	72

C:\Program Files\Microchip\xc8\v1.33\sources\pic18\plib\PWM\pw2setdc.c estimated size: 72

C:\Program Files\Microchip\xc8\v1.33\sources\pic18\plib\USART\uread.c
		_ReadUSART     		CODE           	3464	0000	30

C:\Program Files\Microchip\xc8\v1.33\sources\pic18\plib\USART\uread.c estimated size: 30

C:\Program Files\Microchip\xc8\v1.33\sources\common\ftsub.c
		___ftsub       		CODE           	31CA	0000	60

C:\Program Files\Microchip\xc8\v1.33\sources\common\ftsub.c estimated size: 60

C:\Program Files\Microchip\xc8\v1.33\sources\common\float.c
		___ftpack      		CODE           	1DAA	0000	266

C:\Program Files\Microchip\xc8\v1.33\sources\common\float.c estimated size: 266

C:\Program Files\Microchip\xc8\v1.33\sources\pic18\plib\PWM\pw2open.c
		_OpenPWM2      		CODE           	3104	0000	68

C:\Program Files\Microchip\xc8\v1.33\sources\pic18\plib\PWM\pw2open.c estimated size: 68

cny70.c
		_getCNY70Value 		CODE           	24B4	0000	198

cny70.c estimated size: 198

C:\Program Files\Microchip\xc8\v1.33\sources\common\awmod.c
		___awmod       		CODE           	257A	0000	196

C:\Program Files\Microchip\xc8\v1.33\sources\common\awmod.c estimated size: 196

